Cardinal Optimizer v8.0.5. Build date May 30 2026
Copyright Cardinal Operations 2026. All Rights Reserved

Setting parameter 'Logging' to 1
Setting parameter 'TimeLimit' to 180
Setting parameter 'FeasTol' to 1e-09
Setting parameter 'NonConvex' to 2
Setting parameter 'HeurLevel' to 3
Setting parameter 'DivingHeurLevel' to 3
Setting parameter 'RoundingHeurLevel' to 3
Setting parameter 'SubMipHeurLevel' to 3
Setting parameter 'PreRootHeurLevel' to 3
Model fingerprint: edd9c5f6

Using Cardinal Optimizer v8.0.5 on Windows (25H2 Build 26200 - x86_64)
The CPU model is AMD Ryzen 5 3600 6-Core Processor
Hardware has 6 physical cores and 12 logical cores. Using instruction set X86_NATIVE (1)
Minimizing a MIQCP problem

The original problem has:
    1893 rows, 607 columns and 7417 non-zero elements
    400 binaries
    11 quadratic constraints

Starting the MIP solver with 12 threads and 32 tasks

Presolving the problem

The presolved problem has:
    1891 rows, 616 columns and 7414 non-zero elements
    387 binaries
    22 SOC rows and 66 non-zero elements

Problem info:
    Range of matrix coefficients:    [3e-04,7e+00]
    Range of rhs coefficients:       [4e-04,5e+03]
    Range of bound coefficients:     [7e-04,5e+03]
    Range of cost coefficients:      [1e+00,1e+00]
    Density of cost:                     3.1%

     Nodes    Active  LPit/n  IntInf     BestBound  BestSolution     Gap   Time
         0         1      --       0  0.000000e+00            --     Inf  0.07s
         0         1      --      90  1.237560e-07            --     Inf  0.19s
H        0         1      --      90  1.237560e-07  2.066323e-01 100.00%  0.28s
H        0         1      --      90  1.237560e-07  2.066322e-01 100.00%  0.28s
H        0         1      --      90  1.237560e-07  8.817626e-02 100.00%  0.28s
H        0         1      --      90  1.237560e-07  8.528636e-02 100.00%  0.85s
H        0         1      --      90  1.237560e-07  7.723094e-02 100.00%  0.85s
         0         1      --      90  1.237560e-07  7.723094e-02 100.00%  1.55s
         0         1      --      96  1.237560e-07  7.723094e-02 100.00%  1.59s
         0         1      --      99  1.237560e-07  7.723094e-02 100.00%  1.65s
         0         1      --     103  1.237560e-07  7.723094e-02 100.00%  1.71s
         0         1      --      98  1.237560e-07  7.723094e-02 100.00%  1.77s
         0         1      --     103  1.237560e-07  7.723094e-02 100.00%  1.83s
         0         1      --     105  1.237560e-07  7.723094e-02 100.00%  1.90s
         0         1      --     107  1.237560e-07  7.723094e-02 100.00%  1.95s

     Nodes    Active  LPit/n  IntInf     BestBound  BestSolution     Gap   Time
         0         1      --     101  1.237560e-07  7.723094e-02 100.00%  2.01s
         0         1      --      97  1.237560e-07  7.723094e-02 100.00%  2.08s
         0         1      --     106  1.237560e-07  7.723094e-02 100.00%  2.13s
         0         1      --     100  1.237560e-07  7.723094e-02 100.00%  2.20s
         0         1      --     100  1.237560e-07  7.723094e-02 100.00%  2.26s
         0         1      --     100  1.237560e-07  7.723094e-02 100.00%  2.32s
         0         1      --     100  1.237560e-07  7.723094e-02 100.00%  2.39s
         0         1      --     102  1.237560e-07  7.723094e-02 100.00%  2.46s
         0         1      --     104  1.237560e-07  7.723094e-02 100.00%  2.51s
         0         1      --     104  1.237560e-07  7.723094e-02 100.00%  2.59s
         0         1      --     102  1.237560e-07  7.723094e-02 100.00%  2.66s
         0         1      --     104  1.237560e-07  7.723094e-02 100.00%  2.72s
H        0         0      --     104  1.237560e-07  7.723082e-02 100.00%  4.78s
H        0         0      --     104  1.237560e-07  7.703957e-02 100.00%  4.78s
H        0         0      --     104  1.237560e-07  7.703954e-02 100.00%  4.78s

     Nodes    Active  LPit/n  IntInf     BestBound  BestSolution     Gap   Time
H        0         0      --     104  1.237560e-07  6.760937e-02 100.00%  4.78s
         1         2   693.0     104  1.237560e-07  6.760937e-02 100.00%  4.78s
         2         2   384.5      86  1.237560e-07  6.760937e-02 100.00%  4.98s
         3         4   287.3      67  1.237560e-07  6.760937e-02 100.00%  4.98s
         4         2   229.5      84  1.237560e-07  6.760937e-02 100.00%  5.19s
         5         4   226.2      70  1.237560e-07  6.760937e-02 100.00%  5.19s
         6         6   193.0      60  1.237560e-07  6.760937e-02 100.00%  5.19s
         7         8   181.9      53  1.237560e-07  6.760937e-02 100.00%  5.19s
         8         2   164.5      82  1.237560e-07  6.760937e-02 100.00%  5.42s
         9         4   146.7      69  1.237560e-07  6.760937e-02 100.00%  5.42s
        10         6   145.1      57  1.237560e-07  6.760937e-02 100.00%  5.42s
        20        10    93.5      50  1.237560e-07  6.760937e-02 100.00%  5.86s
        30        30    79.2      67  1.237560e-07  6.760937e-02 100.00%  5.86s
        40        18    65.7      46  1.237560e-07  6.760937e-02 100.00%  8.14s
        50        38    60.9      48  1.237560e-07  6.760937e-02 100.00%  8.14s

     Nodes    Active  LPit/n  IntInf     BestBound  BestSolution     Gap   Time
        60        58    56.3      63  1.237560e-07  6.760937e-02 100.00%  8.14s
        70        46    53.0      58  1.237560e-07  6.760937e-02 100.00%  8.63s
        80        66    50.0      51  1.237560e-07  6.760937e-02 100.00%  8.63s
        90        86    48.0      56  1.237560e-07  6.760937e-02 100.00%  8.63s
       100        74    47.9      50  1.237560e-07  6.760937e-02 100.00%  9.34s
       110        94    48.4      67  1.237560e-07  6.760937e-02 100.00%  9.34s
       120       114    46.6      49  1.237560e-07  6.760937e-02 100.00%  9.34s
       130       102    46.6      54  1.237560e-07  6.760937e-02 100.00%  9.74s
       140       122    46.6      57  1.237560e-07  6.760937e-02 100.00%  9.74s
       150       142    47.9      57  1.237560e-07  6.760937e-02 100.00%  9.74s
       160       130    48.3      69  1.237560e-07  6.760937e-02 100.00%  9.87s
       170       150    47.1      50  1.237560e-07  6.760937e-02 100.00%  9.87s
       180       170    48.6      60  1.237560e-07  6.760937e-02 100.00%  9.87s
       190       190    47.6      73  1.237560e-07  6.760937e-02 100.00%  9.87s
       200       178    49.4      50  1.237560e-07  6.760937e-02 100.00% 11.02s

     Nodes    Active  LPit/n  IntInf     BestBound  BestSolution     Gap   Time
       300       282    57.3      60  1.237560e-07  6.760937e-02 100.00% 15.07s
H      352       320    55.1      59  1.237560e-07  5.998776e-02 100.00% 16.99s
H      352       320    55.1      59  1.237560e-07  5.872150e-02 100.00% 16.99s
H      375       366    62.8      62  1.237560e-07  5.872150e-02 100.00% 16.99s
       400       386    66.9      43  1.237560e-07  5.872150e-02 100.00% 17.17s
       500       490    70.5      41  1.237560e-07  5.872150e-02 100.00% 18.28s
       600        52    79.0      58  1.237560e-07  5.872150e-02 100.00% 23.26s
       700       156    74.7      66  1.237560e-07  5.872150e-02 100.00% 23.41s
       800       228    74.6      77  1.237560e-07  5.872150e-02 100.00% 24.05s
       900       332    73.9      50  1.237560e-07  5.872150e-02 100.00% 24.27s
      1000       435    75.1      45  1.237560e-07  5.872150e-02 100.00% 24.62s
      1100       538    86.3      74  1.237560e-07  5.872150e-02 100.00% 27.52s
      1200       637    86.1      65  1.237560e-07  5.872150e-02 100.00% 28.23s
      1300       724    88.3      55  1.237560e-07  5.872150e-02 100.00% 28.57s
      1400       819    87.3      42  1.237560e-07  5.872150e-02 100.00% 28.89s

     Nodes    Active  LPit/n  IntInf     BestBound  BestSolution     Gap   Time
      1500       912    86.3      62  1.237560e-07  5.872150e-02 100.00% 29.51s
      1600       969    85.5      49  1.237560e-07  5.872150e-02 100.00% 29.87s
      1700      1068    85.0      47  1.237560e-07  5.872150e-02 100.00% 30.51s
      1800      1145    87.3      78  1.237560e-07  5.872150e-02 100.00% 30.74s
      1900      1243    85.4      61  1.237560e-07  5.872150e-02 100.00% 31.00s
      2000      1329    85.9      51  1.237560e-07  5.872150e-02 100.00% 31.32s
      3000      2227    75.2      41  1.237560e-07  5.872150e-02 100.00% 38.18s
      4000      2873    68.2      60  1.237560e-07  5.872150e-02 100.00% 41.71s
      5000       307    72.7      86  1.237560e-07  5.872150e-02 100.00% 53.90s
      6000      1263    89.1      68  1.237560e-07  5.872150e-02 100.00% 74.67s
      7000      2172   101.8     126  1.237560e-07  5.872150e-02 100.00% 93.14s
      8000      2724   110.6     105  1.237560e-07  5.872150e-02 100.00%   118s
H     8459      2896   109.7     123  1.237560e-07  4.629361e-02 100.00%   124s
H     8546      2592   109.7     102  1.237560e-07  4.605361e-02 100.00%   124s
H     8546      2592   109.7     102  1.237560e-07  4.598833e-02 100.00%   124s

     Nodes    Active  LPit/n  IntInf     BestBound  BestSolution     Gap   Time
H     8546      2592   109.7     102  1.237560e-07  4.587843e-02 100.00%   124s
H     8750      2654   109.5     148  1.237560e-07  3.786765e-02 100.00%   131s
H     8750      2654   109.5     148  1.237560e-07  3.757813e-02 100.00%   131s
H     8750      2654   109.5     148  1.237560e-07  3.757812e-02 100.00%   131s
H     8750      2654   109.5     148  1.237560e-07  3.693079e-02 100.00%   131s
H     8750      2654   109.5     148  1.237560e-07  3.652577e-02 100.00%   131s
H     8785      2488   109.6      96  1.237560e-07  3.652573e-02 100.00%   132s
H     8788      2492   109.6     152  1.237560e-07  3.652569e-02 100.00%   132s
H     8840      2530   109.7     141  1.237560e-07  3.465321e-02 100.00%   133s
H     8840      2530   109.7     141  1.237560e-07  3.465321e-02 100.00%   133s
H     8840      2530   109.7     141  1.237560e-07  3.457182e-02 100.00%   133s
H     8840      2530   109.7     141  1.237560e-07  3.075961e-02 100.00%   133s
      9000      2427   110.6     123  1.237560e-07  3.075961e-02 100.00%   135s
H     9084      2451   110.5      80  1.237560e-07  2.638416e-02 100.00%   137s
H     9603      2389   113.1     150  1.237560e-07  2.631114e-02 100.00%   143s

     Nodes    Active  LPit/n  IntInf     BestBound  BestSolution     Gap   Time
H     9603      2389   113.1     150  1.237560e-07  2.623099e-02 100.00%   143s
H     9603      2389   113.1     150  1.237560e-07  2.621016e-02 100.00%   143s
H     9646      2354   113.6      85  1.237560e-07  2.601433e-02 100.00%   144s
H     9879      2405   115.0     114  1.237560e-07  2.589018e-02 100.00%   150s
H     9886      2412   115.0     115  1.237560e-07  2.563131e-02 100.00%   150s
H     9892      2419   115.0     103  1.237560e-07  2.497416e-02 100.00%   150s
     10000      2333   115.6      94  1.237560e-07  2.497416e-02 100.00%   151s
H    10100      2353   115.7     115  1.237560e-07  2.035745e-02 100.00%   157s
H    10339      1945   116.9      74  1.237560e-07  1.772458e-02 100.00%   162s
H    10339      1945   116.9      74  1.237560e-07  1.622111e-02 100.00%   162s
     11000      1474   118.8     126  1.237560e-07  1.622111e-02 100.00%   169s
H    11002      1476   118.8     133  1.237560e-07  1.605732e-02 100.00%   169s
H    11002      1476   118.8     133  1.237560e-07  1.580686e-02 100.00%   169s
H    11002      1476   118.8     133  1.237560e-07  1.561781e-02 100.00%   169s
H    11002      1476   118.8     133  1.237560e-07  1.437972e-02 100.00%   169s

     Nodes    Active  LPit/n  IntInf     BestBound  BestSolution     Gap   Time
H    11312      1175   119.3     102  1.237560e-07  1.432728e-02 100.00%   174s
H    11312      1175   119.3     102  1.237560e-07  1.421057e-02 100.00%   174s
H    11312      1175   119.3     102  1.237560e-07  1.419749e-02 100.00%   174s
H    11338      1207   119.5     136  1.237560e-07  1.419745e-02 100.00%   174s
     12000      1262   117.8     118  1.237560e-07  1.419745e-02 100.00%   178s
     12269      1264   117.0     112  1.237560e-07  1.419745e-02 100.00%   180s

Best solution   : 0.014197447
Best bound      : 0.000000124
Best gap        : 99.9991%
Solve time      : 180.03
Solve node      : 12269
MIP status      : stopped (time limit reached)
Solution status : integer feasible

Violations      :     absolute     relative
    bounds      :            0            0
    rows        :  1.36424e-12  4.86306e-16
    integrality :            0
  quadratics    :  2.18716e-09
vars -> data/j1150-minslack-vars.json
{
 "status": 8,
 "time": 180.12644600868225,
 "slackTotal": 0.014197446532727413,
 "slackWalls": [
  {
   "name": "slk_X@42",
   "slack": 0.014197446532727413
  }
 ],
 "slackBound": 1.2375603138607348e-07
}
