Cardinal Optimizer v8.0.5. Build date May 30 2026
Copyright Cardinal Operations 2026. All Rights Reserved

Setting parameter 'Logging' to 1
mip start: 404 vars
Setting parameter 'TimeLimit' to 240
Setting parameter 'FeasTol' to 1e-09
Setting parameter 'NonConvex' to 2
Setting parameter 'HeurLevel' to 3
Setting parameter 'DivingHeurLevel' to 3
Setting parameter 'RoundingHeurLevel' to 3
Setting parameter 'SubMipHeurLevel' to 3
Setting parameter 'PreRootHeurLevel' to 3
Model fingerprint: 6420f268

Using Cardinal Optimizer v8.0.5 on Windows (25H2 Build 26200 - x86_64)
The CPU model is AMD Ryzen 5 3600 6-Core Processor
Hardware has 6 physical cores and 12 logical cores. Using instruction set X86_NATIVE (1)
Minimizing a MIQCP problem

The original problem has:
    1893 rows, 607 columns and 7417 non-zero elements
    400 binaries
    11 quadratic constraints

Starting the MIP solver with 12 threads and 32 tasks

Loading 1 initial MIP solution
Extending partial MIP solution # 1
Extending partial MIP solution # 1 succeed (0.1s)
Initial MIP solution # 1 was rejected: Primal Inf 1.18e-09  Int Inf 0.00e+00
Presolving the problem

The presolved problem has:
    1891 rows, 616 columns and 7414 non-zero elements
    387 binaries
    22 SOC rows and 66 non-zero elements

Problem info:
    Range of matrix coefficients:    [3e-04,7e+00]
    Range of rhs coefficients:       [4e-04,5e+03]
    Range of bound coefficients:     [7e-04,5e+03]
    Range of cost coefficients:      [1e+00,1e+00]
    Density of cost:                     3.1%

     Nodes    Active  LPit/n  IntInf     BestBound  BestSolution     Gap   Time
         0         1      --       0  0.000000e+00            --     Inf  0.12s
         0         1      --      85  3.654507e-09            --     Inf  0.24s
H        0         1      --      85  3.654507e-09  7.194324e-02 100.00%  0.31s
H        0         1      --      85  3.654507e-09  7.079029e-02 100.00%  0.81s
H        0         1      --      85  3.654507e-09  6.957930e-02 100.00%  0.81s
H        0         1      --      85  3.654507e-09  6.922916e-02 100.00%  0.81s
H        0         1      --      85  3.654507e-09  6.907468e-02 100.00%  0.81s
H        0         1      --      85  3.654507e-09  6.891307e-02 100.00%  0.81s
H        0         1      --      85  3.654507e-09  5.513045e-02 100.00%  1.12s
         0         1      --      85  3.654507e-09  5.513045e-02 100.00%  1.12s
         0         1      --      84  3.654507e-09  5.513045e-02 100.00%  1.16s
         0         1      --      73  3.654507e-09  5.513045e-02 100.00%  1.22s
         0         1      --      86  3.654507e-09  5.513045e-02 100.00%  1.28s
         0         1      --      90  3.654507e-09  5.513045e-02 100.00%  1.33s
         0         1      --      90  3.654507e-09  5.513045e-02 100.00%  1.39s

     Nodes    Active  LPit/n  IntInf     BestBound  BestSolution     Gap   Time
         0         1      --      96  3.654507e-09  5.513045e-02 100.00%  1.46s
         0         1      --      93  3.654507e-09  5.513045e-02 100.00%  1.52s
         0         1      --      95  3.654507e-09  5.513045e-02 100.00%  1.58s
         0         1      --      99  3.654507e-09  5.513045e-02 100.00%  1.63s
         0         1      --      99  3.654507e-09  5.513045e-02 100.00%  1.70s
         0         1      --      99  3.654507e-09  5.513045e-02 100.00%  1.75s
         0         1      --     106  3.654507e-09  5.513045e-02 100.00%  1.81s
         0         1      --      99  3.654507e-09  5.513045e-02 100.00%  1.86s
         0         1      --     101  3.654507e-09  5.513045e-02 100.00%  1.91s
         0         1      --     109  3.654507e-09  5.513045e-02 100.00%  1.97s
         0         1      --     111  3.654507e-09  5.513045e-02 100.00%  2.03s
         0         1      --     111  3.654507e-09  5.513045e-02 100.00%  2.08s
         0         1      --     105  3.654507e-09  5.513045e-02 100.00%  2.14s
         0         1      --     105  3.654507e-09  5.513045e-02 100.00%  2.19s
H        0         0      --     105  3.654507e-09  3.606989e-02 100.00%  4.44s

     Nodes    Active  LPit/n  IntInf     BestBound  BestSolution     Gap   Time
H        0         0      --     105  3.654507e-09  2.144054e-02 100.00%  4.44s
H        0         0      --     105  3.654507e-09  1.925934e-02 100.00%  4.44s
H        0         0      --     105  3.654507e-09  1.753277e-02 100.00%  4.44s
H        0         0      --     105  3.654507e-09  1.735263e-02 100.00%  4.44s
H        0         0      --     105  3.654507e-09  1.718999e-02 100.00%  4.44s
         1         2   413.0     105  3.654507e-09  1.718999e-02 100.00%  4.44s
         2         2   223.0      93  3.654507e-09  1.718999e-02 100.00%  4.66s
         3         4   172.3      67  3.654507e-09  1.718999e-02 100.00%  4.66s
         4         2   148.3      56  3.654507e-09  1.718999e-02 100.00%  4.87s
         5         4   134.2      57  3.654507e-09  1.718999e-02 100.00%  4.87s
         6         6   126.2      62  3.654507e-09  1.718999e-02 100.00%  4.87s
         7         8   112.0      92  3.654507e-09  1.718999e-02 100.00%  4.87s
         8         2   100.3      55  3.654507e-09  1.718999e-02 100.00%  5.13s
         9         4    89.4      56  3.654507e-09  1.718999e-02 100.00%  5.13s
        10         6    86.6      50  3.654507e-09  1.718999e-02 100.00%  5.13s

     Nodes    Active  LPit/n  IntInf     BestBound  BestSolution     Gap   Time
        20        10    52.5      51  3.654507e-09  1.718999e-02 100.00%  5.59s
        30        30    46.4      78  3.654507e-09  1.718999e-02 100.00%  5.59s
        40        18    45.4      48  3.654507e-09  1.718999e-02 100.00%  8.21s
        50        38    47.3      51  3.654507e-09  1.718999e-02 100.00%  8.21s
        60        58    48.0      60  3.654507e-09  1.718999e-02 100.00%  8.21s
        70        46    45.5      66  3.654507e-09  1.718999e-02 100.00%  8.73s
        80        66    42.6      46  3.654507e-09  1.718999e-02 100.00%  8.73s
        90        86    40.4      55  3.654507e-09  1.718999e-02 100.00%  8.73s
       100        74    39.6      43  3.654507e-09  1.718999e-02 100.00%  9.29s
       110        94    39.7      68  3.654507e-09  1.718999e-02 100.00%  9.29s
       120       114    38.6      51  3.654507e-09  1.718999e-02 100.00%  9.29s
       130       102    39.4      48  3.654507e-09  1.718999e-02 100.00%  9.52s
       140       122    38.3      49  3.654507e-09  1.718999e-02 100.00%  9.52s
       150       142    37.1      46  3.654507e-09  1.718999e-02 100.00%  9.52s
       160       130    37.1      43  3.654507e-09  1.718999e-02 100.00%  9.53s

     Nodes    Active  LPit/n  IntInf     BestBound  BestSolution     Gap   Time
       170       150    36.3      47  3.654507e-09  1.718999e-02 100.00%  9.53s
       180       170    35.2      43  3.654507e-09  1.718999e-02 100.00%  9.53s
       190       190    34.8      47  3.654507e-09  1.718999e-02 100.00%  9.53s
H      196       168    34.9      44  3.654507e-09  1.191866e-02 100.00%  9.94s
       200       178    35.2      39  3.654507e-09  1.191866e-02 100.00%  9.95s
H      202       180    35.1      41  3.654507e-09  1.013880e-02 100.00%  9.95s
       300       282    33.6      41  3.654507e-09  1.013880e-02 100.00% 10.06s
H      371       358    34.1      39  3.654507e-09  1.013877e-02 100.00% 10.53s
       400       386    34.4      40  3.654507e-09  1.013877e-02 100.00% 10.60s
       500       490    37.4      32  3.654507e-09  1.013877e-02 100.00% 10.73s
       600        52    43.0      67  3.654507e-09  1.013877e-02 100.00% 13.72s
       700       156    40.5      64  3.654507e-09  1.013877e-02 100.00% 13.79s
       800       228    39.8      63  3.654507e-09  1.013877e-02 100.00% 14.49s
       900       332    38.1      50  3.654507e-09  1.013877e-02 100.00% 14.64s
      1000       436    37.8      34  3.654507e-09  1.013877e-02 100.00% 14.79s

     Nodes    Active  LPit/n  IntInf     BestBound  BestSolution     Gap   Time
      1100       540    39.7      39  3.654507e-09  1.013877e-02 100.00% 15.18s
      1200       644    39.6      34  3.654507e-09  1.013877e-02 100.00% 17.08s
      1300       746    41.4      22  3.654507e-09  1.013877e-02 100.00% 17.33s
      1400       849    42.2      25  3.654507e-09  1.013877e-02 100.00% 17.78s
      1500       951    43.6      27  3.654507e-09  1.013877e-02 100.00% 18.30s
      1600      1013    47.1      32  3.654507e-09  1.013877e-02 100.00% 18.78s
      1700      1093    49.2      27  3.654507e-09  1.013877e-02 100.00% 19.18s
      1800      1165    51.7      34  3.654507e-09  1.013877e-02 100.00% 20.00s
      1900      1244    54.2      44  3.654507e-09  1.013877e-02 100.00% 20.96s
      2000      1325    55.6      18  3.654507e-09  1.013877e-02 100.00% 21.42s
      3000      2113    67.2      45  3.654507e-09  1.013877e-02 100.00% 27.37s
      4000      2837    74.5      38  3.654507e-09  1.013877e-02 100.00% 34.33s
      5000       310    79.8      47  3.654507e-09  1.013877e-02 100.00% 43.30s
      6000      1145    84.1      39  3.654507e-09  1.013877e-02 100.00% 50.57s
      7000      1554    88.2      47  3.654507e-09  1.013877e-02 100.00% 56.26s

     Nodes    Active  LPit/n  IntInf     BestBound  BestSolution     Gap   Time
      8000      1916    89.1      33  3.654507e-09  1.013877e-02 100.00% 60.55s
      9000      2365    91.2      27  3.654507e-09  1.013877e-02 100.00% 65.65s
     10000      2876    91.2      30  3.654507e-09  1.013877e-02 100.00% 69.92s
     11000      3375    93.2      47  3.654507e-09  1.013877e-02 100.00% 74.81s
     12000      3549    96.3      67  3.654507e-09  1.013877e-02 100.00% 83.44s
     13000      4032    98.8      50  3.654507e-09  1.013877e-02 100.00% 91.24s
     14000      4406    97.0      66  3.654507e-09  1.013877e-02 100.00% 94.31s
     15000      4776    95.6      46  3.654507e-09  1.013877e-02 100.00% 99.06s
     16000      4891    93.5      45  3.654507e-09  1.013877e-02 100.00%   103s
     17000      5757    90.9      18  3.654507e-09  1.013877e-02 100.00%   104s
     18000      6639    88.1      25  3.654507e-09  1.013877e-02 100.00%   106s
     19000      7488    85.5      44  3.654507e-09  1.013877e-02 100.00%   108s
     20000      8308    83.1      38  3.654507e-09  1.013877e-02 100.00%   110s
     30000     16415    67.7      52  3.654507e-09  1.013877e-02 100.00%   127s
     40000      1446    66.4      49  3.654507e-09  1.013877e-02 100.00%   178s

     Nodes    Active  LPit/n  IntInf     BestBound  BestSolution     Gap   Time
     46524      3663    75.2      52  3.654507e-09  1.013877e-02 100.00%   240s

Best solution   : 0.010138766
Best bound      : 0.000000004
Best gap        : 100.0000%
Solve time      : 240.00
Solve node      : 46524
MIP status      : stopped (time limit reached)
Solution status : integer feasible

Violations      :     absolute     relative
    bounds      :            0            0
    rows        :  9.09495e-13  1.82898e-16
    integrality :            0
  quadratics    :  1.57873e-09
vars -> data/j1150-minslack2-vars.json
{
 "status": 8,
 "time": 240.06605052947998,
 "slackTotal": 0.010138766250238407,
 "slackWalls": [
  {
   "name": "slk_X@42",
   "slack": 0.010138766250238407
  }
 ],
 "slackBound": 3.654506772230758e-09
}
