Cardinal Optimizer v8.0.5. Build date May 30 2026
Copyright Cardinal Operations 2026. All Rights Reserved

Setting parameter 'Logging' to 1
mip start: 404 vars
Setting parameter 'TimeLimit' to 300
Setting parameter 'FeasTol' to 1e-09
Setting parameter 'NonConvex' to 2
Setting parameter 'HeurLevel' to 3
Setting parameter 'DivingHeurLevel' to 3
Setting parameter 'RoundingHeurLevel' to 3
Setting parameter 'SubMipHeurLevel' to 3
Setting parameter 'PreRootHeurLevel' to 3
Model fingerprint: 43f216

Using Cardinal Optimizer v8.0.5 on Windows (25H2 Build 26200 - x86_64)
The CPU model is AMD Ryzen 5 3600 6-Core Processor
Hardware has 6 physical cores and 12 logical cores. Using instruction set X86_NATIVE (1)
Maximizing a MIQCP problem

The original problem has:
    1913 rows, 588 columns and 7764 non-zero elements
    400 binaries
    11 quadratic constraints

Starting the MIP solver with 12 threads and 32 tasks

Loading 1 initial MIP solution
Extending partial MIP solution # 1
Extending partial MIP solution # 1 failed (infeasible)
Initial MIP solution # 1 was rejected: partial
Presolving the problem

The presolved problem has:
    1490 rows, 485 columns and 6099 non-zero elements
    313 binaries
    22 SOC rows and 66 non-zero elements

Problem info:
    Range of matrix coefficients:    [9e-05,7e+00]
    Range of rhs coefficients:       [7e-04,5e+03]
    Range of bound coefficients:     [7e-04,5e+03]
    Range of cost coefficients:      [6e-03,5e+00]
    Density of cost:                     15.5%

     Nodes    Active  LPit/n  IntInf     BestBound  BestSolution     Gap   Time
         0         1      --       0  8.065282e+00            --     Inf  0.08s
         0         1      --     119 -2.552125e+00            --     Inf  0.41s
         0         1      --      93 -2.571512e+00            --     Inf  2.23s
         0         1      --      75 -2.573925e+00            --     Inf  2.25s
         0         1      --      70 -2.577030e+00            --     Inf  2.27s
         0         1      --      61 -2.577320e+00            --     Inf  2.29s
         0         1      --      68 -2.577725e+00            --     Inf  2.31s
         0         1      --      69 -2.577793e+00            --     Inf  3.01s
         0         1      --      69 -2.578492e+00            --     Inf  3.03s
         0         1      --      70 -2.579094e+00            --     Inf  3.04s
         0         1      --      74 -2.579532e+00            --     Inf  3.06s
         0         1      --      57 -2.583182e+00            --     Inf  3.74s
         0         1      --      55 -2.583283e+00            --     Inf  3.76s
         0         1      --      56 -2.583378e+00            --     Inf  4.11s
         0         1      --      56 -2.583599e+00            --     Inf  4.13s

     Nodes    Active  LPit/n  IntInf     BestBound  BestSolution     Gap   Time
         0         1      --      54 -2.583691e+00            --     Inf  4.59s
         0         1      --      54 -2.583844e+00            --     Inf  4.60s
         0         1      --      53 -2.584196e+00            --     Inf  4.62s
         0         1      --      61 -2.584213e+00            --     Inf  4.63s
         0         1      --      59 -2.584232e+00            --     Inf  4.65s
         0         1      --      57 -2.584263e+00            --     Inf  4.67s
         0         1      --      56 -2.584264e+00            --     Inf  4.69s
         0         1      --      59 -2.584271e+00            --     Inf  4.71s
         0         1      --      57 -2.584856e+00            --     Inf  4.73s
         0         1      --      60 -2.584886e+00            --     Inf  4.75s
         0         1      --      64 -2.584894e+00            --     Inf  4.77s
         0         1      --      66 -2.584897e+00            --     Inf  5.26s
         0         1      --      66 -2.584897e+00            --     Inf  5.29s
         0         1      --      66 -2.584904e+00            --     Inf  5.77s
         0         1      --      64 -2.584904e+00            --     Inf  6.28s

     Nodes    Active  LPit/n  IntInf     BestBound  BestSolution     Gap   Time
         0         1      --      62 -2.584904e+00            --     Inf  6.79s
         0         1      --      64 -2.584913e+00            --     Inf  6.81s
         0         1      --      64 -2.584913e+00            --     Inf  6.83s
         0         1      --      64 -2.584920e+00            --     Inf  6.85s
         1         2   807.0      64 -2.585043e+00            --     Inf  7.90s
         2         0   496.0      73 -2.585043e+00            --     Inf  7.97s
         3         2   331.7      62 -2.585043e+00            --     Inf  7.97s
         4         2   252.0      47 -2.585053e+00            --     Inf  8.01s
         5         2   201.6      62 -2.585053e+00            --     Inf  8.01s
         6         2   203.5      66 -2.585106e+00            --     Inf  8.07s
         7         4   175.4      45 -2.585106e+00            --     Inf  8.07s
         8         2   158.9      56 -2.585187e+00            --     Inf  8.12s
         9         2   151.9      39 -2.585187e+00            --     Inf  8.12s
        10         2   148.2      75 -2.585187e+00            --     Inf  8.12s
        20         4    94.8      44 -2.585203e+00            --     Inf  8.57s

     Nodes    Active  LPit/n  IntInf     BestBound  BestSolution     Gap   Time
        30         4    69.7      42 -2.585208e+00            --     Inf  8.70s
        40         6    58.8      36 -2.585210e+00            --     Inf  8.77s
        50         1    51.8      63 -2.585248e+00            --     Inf  9.05s
        60        20    51.8      54 -2.585248e+00            --     Inf  9.05s
        70         7    49.4      36 -2.585266e+00            --     Inf  9.16s
        80        21    48.8      32 -2.585266e+00            --     Inf  9.16s
        90        34    47.6      39 -2.585266e+00            --     Inf  9.16s
       100        54    43.4      41 -2.585266e+00            --     Inf  9.16s
       110        34    45.9      32 -2.585271e+00            --     Inf  9.26s
       120        47    44.0      36 -2.585271e+00            --     Inf  9.26s
       130        59    46.1      55 -2.585271e+00            --     Inf  9.26s
       140        39    46.0      39 -2.585274e+00            --     Inf  9.41s
       150        59    44.6      45 -2.585274e+00            --     Inf  9.41s
       160        77    43.4      23 -2.585274e+00            --     Inf  9.41s
       170        57    42.6      19 -2.585274e+00            --     Inf  9.49s

     Nodes    Active  LPit/n  IntInf     BestBound  BestSolution     Gap   Time
       180        71    42.3      25 -2.585274e+00            --     Inf  9.49s
       190        85    42.5      37 -2.585274e+00            --     Inf  9.49s
       200        63    42.2      48 -2.585274e+00            --     Inf  9.59s
       300        90    42.9      36 -2.585277e+00            --     Inf  9.85s
       400       114    39.3      25 -2.585279e+00            --     Inf 10.08s
       500       138    36.5      18 -2.585284e+00            --     Inf 10.37s
       600       164    35.2       8 -2.585286e+00            --     Inf 10.92s
       700       209    33.3      32 -2.585286e+00            --     Inf 11.17s
       800       286    33.5      48 -2.585286e+00            --     Inf 11.45s
       900       372    33.8      12 -2.585286e+00            --     Inf 11.80s
      1000       432    32.2      15 -2.585286e+00            --     Inf 12.10s
      1100       510    30.9       4 -2.585286e+00            --     Inf 12.23s
      1200       560    29.7      12 -2.585286e+00            --     Inf 12.31s
      1300       619    29.2       2 -2.585286e+00            --     Inf 12.47s
      1400       699    28.5       7 -2.585286e+00            --     Inf 12.58s

     Nodes    Active  LPit/n  IntInf     BestBound  BestSolution     Gap   Time
      1500       775    27.7       6 -2.585286e+00            --     Inf 12.63s
      1600       845    27.2       8 -2.585286e+00            --     Inf 12.74s
      1700       905    27.0       4 -2.585286e+00            --     Inf 12.97s
      1800       926    26.6       0 -2.585286e+00            --     Inf 13.16s
      1900       974    26.4       4 -2.585286e+00            --     Inf 13.25s
      2000      1027    26.2      13 -2.585286e+00            --     Inf 13.31s
      3000       325    27.6       4 -2.599070e+00            --     Inf 16.26s
*     3407       482    27.7       0 -2.599070e+00 -2.599479e+00  0.016% 16.61s
H     3630       415    27.3       4 -2.599070e+00 -2.599420e+00  0.013% 17.06s
H     3654       447    27.2       9 -2.599070e+00 -2.599408e+00  0.013% 17.06s
H     3897       387    26.4      14 -2.599070e+00 -2.599383e+00  0.012% 17.34s
      4000       413    26.2       9 -2.599070e+00 -2.599383e+00  0.012% 17.45s
*     4005       415    26.2       0 -2.599070e+00 -2.599298e+00  0.009% 17.45s
      4009       345    26.2      17 -2.599070e+00 -2.599298e+00  0.009% 17.45s

Best solution   : -2.599298201
Best bound      : -2.599070249
Best gap        : 0.0088%
Solve time      : 17.45
Solve node      : 4009
MIP status      : solved
Solution status : integer optimal (relative gap limit 0.0001)

Violations      :     absolute     relative
    bounds      :  2.22045e-16  2.22045e-16
    rows        :  4.54747e-13  4.44089e-16
    integrality :  2.22045e-16
  quadratics    :  1.63218e-09
vars -> data/j1150-p2-vars.json
decode -> data/noturn-j1150-p2-decode.json
{
 "status": 1,
 "time": 17.4858238697052,
 "S": -2.5992982005127487,
 "pos": -2805.2992981885923,
 "S_bound": -2.5990702491740194,
 "pos_bound": -2805.2990702372535,
 "circleResid": 2.762710060721929e-10,
 "abNorm": 1.0000000001381355,
 "maxTurnMagResid": 3.1387974198937574e-08,
 "thetaDeg": 20.207516273475274,
 "px": -2802.859003006596,
 "pz": 4970.405790712592,
 "sprintEngage": 17
}
combos: A S A SA A WA SA SA NONE WA SA S S S SD SD SD WD WD W W WD WD WD W WD WD WD WD WD WD WD WD WD WD WD WD WD W
