Cardinal Optimizer v8.0.5. Build date May 30 2026
Copyright Cardinal Operations 2026. All Rights Reserved

Setting parameter 'Logging' to 1
mip start: 588 vars
Setting parameter 'TimeLimit' to 300
Setting parameter 'FeasTol' to 1e-09
Setting parameter 'NonConvex' to 2
Setting parameter 'HeurLevel' to 3
Setting parameter 'DivingHeurLevel' to 3
Setting parameter 'RoundingHeurLevel' to 3
Setting parameter 'SubMipHeurLevel' to 3
Setting parameter 'PreRootHeurLevel' to 3
Model fingerprint: 512f96a2

Using Cardinal Optimizer v8.0.5 on Windows (25H2 Build 26200 - x86_64)
The CPU model is AMD Ryzen 5 3600 6-Core Processor
Hardware has 6 physical cores and 12 logical cores. Using instruction set X86_NATIVE (1)
Maximizing a MIQCP problem

The original problem has:
    1907 rows, 588 columns and 7672 non-zero elements
    400 binaries
    11 quadratic constraints

Starting the MIP solver with 12 threads and 32 tasks

Loading 1 initial MIP solution
Initial MIP solution # 1 was rejected: Primal Inf 1.63e-09  Int Inf 2.22e-16
Presolving the problem

The presolved problem has:
    1905 rows, 597 columns and 7669 non-zero elements
    387 binaries
    22 SOC rows and 66 non-zero elements

Problem info:
    Range of matrix coefficients:    [9e-05,7e+00]
    Range of rhs coefficients:       [4e-04,5e+03]
    Range of bound coefficients:     [7e-04,5e+03]
    Range of cost coefficients:      [6e-03,5e+00]
    Density of cost:                     15.6%

     Nodes    Active  LPit/n  IntInf     BestBound  BestSolution     Gap   Time
         0         1      --       0  1.247793e+01            --     Inf  0.10s
         0         1      --     101 -2.507408e+00            --     Inf  0.30s
         0         1      --     103 -2.507491e+00            --     Inf  1.81s
         0         1      --      81 -2.507514e+00            --     Inf  1.85s
         0         1      --     102 -2.507694e+00            --     Inf  1.88s
         0         1      --     106 -2.507774e+00            --     Inf  1.93s
         0         1      --     107 -2.508507e+00            --     Inf  1.97s
         0         1      --     112 -2.508558e+00            --     Inf  2.01s
         0         1      --     122 -2.508584e+00            --     Inf  2.07s
         0         1      --     131 -2.508685e+00            --     Inf  2.11s
         0         1      --     127 -2.508945e+00            --     Inf  2.16s
         0         1      --     127 -2.508945e+00            --     Inf  2.24s
         0         1      --     125 -2.509019e+00            --     Inf  2.28s
         0         1      --     127 -2.509282e+00            --     Inf  2.34s
         0         1      --     136 -2.509366e+00            --     Inf  2.40s

     Nodes    Active  LPit/n  IntInf     BestBound  BestSolution     Gap   Time
         0         1      --     100 -2.510255e+00            --     Inf  2.46s
         0         1      --     122 -2.510288e+00            --     Inf  2.50s
         0         1      --     148 -2.510396e+00            --     Inf  2.57s
         0         1      --     131 -2.510553e+00            --     Inf  2.64s
         0         1      --     154 -2.510655e+00            --     Inf  2.71s
         0         1      --     154 -2.510669e+00            --     Inf  2.80s
         0         1      --     154 -2.510675e+00            --     Inf  2.88s
         0         1      --     151 -2.511168e+00            --     Inf  2.96s
         0         1      --     151 -2.511332e+00            --     Inf  3.05s
         0         1      --     129 -2.511566e+00            --     Inf  3.13s
         0         1      --     136 -2.511581e+00            --     Inf  3.19s
         0         1      --     136 -2.511742e+00            --     Inf  3.26s
         0         1      --     141 -2.512319e+00            --     Inf  3.33s
         0         1      --     147 -2.513500e+00            --     Inf  3.42s
         0         1      --     137 -2.513569e+00            --     Inf  3.49s

     Nodes    Active  LPit/n  IntInf     BestBound  BestSolution     Gap   Time
         0         1      --     149 -2.513674e+00            --     Inf  3.57s
         0         1      --     125 -2.513807e+00            --     Inf  3.65s
         0         1      --     150 -2.513927e+00            --     Inf  3.71s
         0         1      --     150 -2.514612e+00            --     Inf  3.79s
         0         1      --     124 -2.514833e+00            --     Inf  3.86s
         0         1      --     120 -2.514888e+00            --     Inf  3.93s
         0         1      --     121 -2.514924e+00            --     Inf  4.00s
         0         1      --     146 -2.515211e+00            --     Inf  4.07s
         0         1      --     150 -2.515317e+00            --     Inf  4.15s
         0         1      --     133 -2.516084e+00            --     Inf  4.27s
         0         1      --     147 -2.516086e+00            --     Inf  4.34s
         0         1      --     141 -2.516141e+00            --     Inf  4.42s
         0         1      --     131 -2.516183e+00            --     Inf  4.50s
         0         1      --     131 -2.516196e+00            --     Inf  4.57s
         0         1      --     132 -2.516233e+00            --     Inf  4.63s

     Nodes    Active  LPit/n  IntInf     BestBound  BestSolution     Gap   Time
         0         1      --     132 -2.516234e+00            --     Inf  4.71s
         0         1      --     133 -2.516251e+00            --     Inf  4.79s
         0         1      --     132 -2.516306e+00            --     Inf  4.88s
         0         1      --     131 -2.516331e+00            --     Inf  4.95s
         0         1      --     131 -2.516343e+00            --     Inf  5.03s
         0         1      --     126 -2.517534e+00            --     Inf  5.22s
         1         2    4079     126 -2.517534e+00            --     Inf  7.14s
         2         2    2077     127 -2.517794e+00            --     Inf  7.36s
         3         4    1447     117 -2.517794e+00            --     Inf  7.36s
         4         2    1174     110 -2.518308e+00            --     Inf  7.63s
         5         4   976.8     113 -2.518308e+00            --     Inf  7.63s
         6         6   832.8     129 -2.518308e+00            --     Inf  7.63s
         7         8   728.9     117 -2.518308e+00            --     Inf  7.63s
         8         2   670.4      97 -2.519387e+00            --     Inf  7.87s
         9         4   609.7     121 -2.519387e+00            --     Inf  7.87s

     Nodes    Active  LPit/n  IntInf     BestBound  BestSolution     Gap   Time
        10         6   572.2     119 -2.519387e+00            --     Inf  7.87s
        20         6   421.4     105 -2.522556e+00            --     Inf  8.32s
        30        24   368.3     127 -2.522556e+00            --     Inf  8.32s
        40        15   313.9     128 -2.531756e+00            --     Inf 12.16s
        50        35   280.9      92 -2.531756e+00            --     Inf 12.16s
        60        15   265.1      91 -2.533461e+00            --     Inf 12.35s
        70        23   261.4     102 -2.533461e+00            --     Inf 12.35s
        80        31   251.1      87 -2.533461e+00            --     Inf 12.35s
        90        17   228.5      86 -2.533461e+00            --     Inf 12.63s
       100        33   209.1     112 -2.533461e+00            --     Inf 12.63s
       110        47   196.8      96 -2.533461e+00            --     Inf 12.63s
       120        65   186.9      92 -2.533461e+00            --     Inf 12.63s
       130        45   179.1     124 -2.536271e+00            --     Inf 12.81s
       140        53   176.4      72 -2.536271e+00            --     Inf 12.81s
       150        61   171.4      90 -2.536271e+00            --     Inf 12.81s

     Nodes    Active  LPit/n  IntInf     BestBound  BestSolution     Gap   Time
       160        34   166.9      94 -2.536271e+00            --     Inf 12.93s
       170        46   161.0      93 -2.536271e+00            --     Inf 12.93s
       180        55   156.4      92 -2.536271e+00            --     Inf 12.93s
       190        41   150.4      70 -2.541857e+00            --     Inf 13.30s
       200        57   148.1      91 -2.541857e+00            --     Inf 13.30s
       300       121   114.1      61 -2.541857e+00            --     Inf 16.64s
       400       149    93.7      66 -2.541892e+00            --     Inf 16.98s
       500       202    81.9      98 -2.543438e+00            --     Inf 17.64s
       600       268    75.2     104 -2.547386e+00            --     Inf 18.95s
       700       274    71.4      96 -2.549189e+00            --     Inf 19.60s
       800       282    68.1      97 -2.549195e+00            --     Inf 19.83s
       900       315    65.6      87 -2.549195e+00            --     Inf 20.15s
      1000       340    63.1      78 -2.550149e+00            --     Inf 20.48s
      1100       384    61.5      81 -2.550149e+00            --     Inf 21.02s
      1200       410    60.4      69 -2.551202e+00            --     Inf 21.52s

     Nodes    Active  LPit/n  IntInf     BestBound  BestSolution     Gap   Time
      1300       426    58.5      79 -2.553087e+00            --     Inf 22.04s
      1400       463    57.2      93 -2.553093e+00            --     Inf 22.41s
      1500       465    56.3      96 -2.553696e+00            --     Inf 23.23s
      1600       491    55.8      99 -2.556199e+00            --     Inf 23.62s
      1700       520    55.3      78 -2.556461e+00            --     Inf 24.23s
      1800       548    54.8      78 -2.556461e+00            --     Inf 24.86s
      1900       582    54.4     106 -2.556854e+00            --     Inf 25.63s
      2000       606    53.6      83 -2.556887e+00            --     Inf 26.26s
      3000       303    56.8      70 -2.556887e+00            --     Inf 37.29s
      4000       918    49.3      40 -2.556887e+00            --     Inf 40.32s
      5000      1468    44.7      14 -2.557167e+00            --     Inf 43.83s
      6000      1966    41.6      16 -2.557617e+00            --     Inf 46.74s
      7000       295    45.2      72 -2.557986e+00            --     Inf 58.31s
      8000       896    43.9      70 -2.557986e+00            --     Inf 62.37s
      9000      1427    42.0      19 -2.557986e+00            --     Inf 65.15s

     Nodes    Active  LPit/n  IntInf     BestBound  BestSolution     Gap   Time
     10000      1845    41.8      23 -2.558335e+00            --     Inf 68.94s
     11000      2311    40.9      24 -2.558741e+00            --     Inf 71.56s
     12000      2739    40.0      15 -2.559919e+00            --     Inf 73.83s
     13000      3056    39.3      11 -2.560723e+00            --     Inf 76.93s
     14000      3278    38.3      22 -2.560967e+00            --     Inf 78.98s
     15000      3538    37.3      28 -2.561131e+00            --     Inf 80.57s
     16000      3822    36.5      33 -2.561786e+00            --     Inf 82.13s
     17000      4068    35.8       9 -2.561955e+00            --     Inf 83.96s
     18000      4280    35.2      26 -2.562626e+00            --     Inf 85.94s
     19000      4683    34.9      23 -2.563015e+00            --     Inf 88.68s
     20000      5161    34.5      10 -2.563125e+00            --     Inf 90.60s
     30000      7849    31.9      15 -2.566506e+00            --     Inf   115s
     40000     10898    30.3      31 -2.567988e+00            --     Inf   139s
     50000     13807    29.3       5 -2.569131e+00            --     Inf   160s
     60000     16806    28.5       4 -2.570108e+00            --     Inf   184s

     Nodes    Active  LPit/n  IntInf     BestBound  BestSolution     Gap   Time
     70000     19586    27.9      27 -2.570801e+00            --     Inf   204s
     80000     22624    27.4       2 -2.571190e+00            --     Inf   226s
     90000     25560    26.9      26 -2.571345e+00            --     Inf   243s
    100000     28212    26.5       4 -2.571604e+00            --     Inf   261s
    110000     30675    26.3      12 -2.571767e+00            --     Inf   282s
    120000     33075    25.9       8 -2.571896e+00            --     Inf   299s
    120096     33105    25.9       7 -2.571897e+00            --     Inf   300s

Best solution   : -inf
Best bound      : -2.571896568
Best gap        : +inf
Solve time      : 300.01
Solve node      : 120096
MIP status      : stopped (time limit reached)
Solution status : unknown
{
 "status": 8,
 "time": 300.1308150291443
}
