Cardinal Optimizer v8.0.5. Build date May 30 2026
Copyright Cardinal Operations 2026. All Rights Reserved

Setting parameter 'Logging' to 1
mip start: 588 vars
Setting parameter 'TimeLimit' to 300
Setting parameter 'FeasTol' to 1e-08
Setting parameter 'NonConvex' to 2
Setting parameter 'HeurLevel' to 3
Setting parameter 'DivingHeurLevel' to 3
Setting parameter 'RoundingHeurLevel' to 3
Setting parameter 'SubMipHeurLevel' to 3
Setting parameter 'PreRootHeurLevel' to 3
Model fingerprint: 512f96a2

Using Cardinal Optimizer v8.0.5 on Windows (25H2 Build 26200 - x86_64)
The CPU model is AMD Ryzen 5 3600 6-Core Processor
Hardware has 6 physical cores and 12 logical cores. Using instruction set X86_NATIVE (1)
Maximizing a MIQCP problem

The original problem has:
    1907 rows, 588 columns and 7672 non-zero elements
    400 binaries
    11 quadratic constraints

Starting the MIP solver with 12 threads and 32 tasks

Loading 1 initial MIP solution
Initial MIP solution # 1 with objective value -2.5993 was accepted

Presolving the problem

The presolved problem has:
    1905 rows, 597 columns and 7669 non-zero elements
    387 binaries
    22 SOC rows and 66 non-zero elements

Problem info:
    Range of matrix coefficients:    [9e-05,7e+00]
    Range of rhs coefficients:       [4e-04,5e+03]
    Range of bound coefficients:     [7e-04,5e+03]
    Range of cost coefficients:      [6e-03,5e+00]
    Density of cost:                     15.6%

     Nodes    Active  LPit/n  IntInf     BestBound  BestSolution     Gap   Time
         0         1      --       0  1.247793e+01 -2.599298e+00 120.83%  0.11s
         0         1      --     129 -2.507413e+00 -2.599298e+00  3.535%  0.33s
H        0         1      --     129 -2.507413e+00 -2.599295e+00  3.535%  2.18s
         0         1      --     108 -2.507425e+00 -2.599295e+00  3.534%  2.95s
         0         1      --     107 -2.507425e+00 -2.599295e+00  3.534%  3.04s
         0         1      --     115 -2.507466e+00 -2.599295e+00  3.533%  3.08s
         0         1      --     112 -2.508242e+00 -2.599295e+00  3.503%  3.13s
         0         1      --     111 -2.508367e+00 -2.599295e+00  3.498%  3.17s
         0         1      --     116 -2.508517e+00 -2.599295e+00  3.492%  3.21s
         0         1      --     112 -2.508553e+00 -2.599295e+00  3.491%  3.26s
         0         1      --     109 -2.508719e+00 -2.599295e+00  3.485%  3.30s
         0         1      --     126 -2.508929e+00 -2.599295e+00  3.477%  3.34s
         0         1      --     127 -2.508973e+00 -2.599295e+00  3.475%  3.40s
         0         1      --     129 -2.508990e+00 -2.599295e+00  3.474%  3.45s
         0         1      --     129 -2.509072e+00 -2.599295e+00  3.471%  3.51s

     Nodes    Active  LPit/n  IntInf     BestBound  BestSolution     Gap   Time
         0         1      --     130 -2.509118e+00 -2.599295e+00  3.469%  3.58s
         0         1      --     130 -2.509118e+00 -2.599295e+00  3.469%  3.65s
         0         1      --     141 -2.509163e+00 -2.599295e+00  3.468%  3.71s
         0         1      --     145 -2.509196e+00 -2.599295e+00  3.466%  3.76s
         0         1      --     146 -2.509253e+00 -2.599295e+00  3.464%  3.83s
         0         1      --     147 -2.509664e+00 -2.599295e+00  3.448%  3.91s
         0         1      --     147 -2.509915e+00 -2.599295e+00  3.439%  3.97s
         0         1      --     143 -2.509941e+00 -2.599295e+00  3.438%  4.03s
         0         1      --     158 -2.510208e+00 -2.599295e+00  3.427%  4.10s
         0         1      --     153 -2.510258e+00 -2.599295e+00  3.425%  4.17s
         0         1      --     152 -2.510478e+00 -2.599295e+00  3.417%  4.24s
         0         1      --     149 -2.511049e+00 -2.599295e+00  3.395%  4.31s
         0         1      --     145 -2.511066e+00 -2.599295e+00  3.394%  4.38s
         0         1      --     147 -2.511094e+00 -2.599295e+00  3.393%  4.44s
         0         1      --     121 -2.511164e+00 -2.599295e+00  3.391%  4.51s

     Nodes    Active  LPit/n  IntInf     BestBound  BestSolution     Gap   Time
         0         1      --     143 -2.511181e+00 -2.599295e+00  3.390%  4.57s
         0         1      --     145 -2.511204e+00 -2.599295e+00  3.389%  4.63s
         0         1      --     144 -2.511290e+00 -2.599295e+00  3.386%  4.70s
         0         1      --     144 -2.511290e+00 -2.599295e+00  3.386%  4.79s
         0         1      --     145 -2.511302e+00 -2.599295e+00  3.385%  4.83s
         0         1      --     148 -2.511689e+00 -2.599295e+00  3.370%  4.90s
         0         1      --     146 -2.511707e+00 -2.599295e+00  3.370%  4.96s
         0         1      --     140 -2.511882e+00 -2.599295e+00  3.363%  5.03s
         0         1      --     145 -2.511890e+00 -2.599295e+00  3.363%  5.10s
         0         1      --     145 -2.511890e+00 -2.599295e+00  3.363%  5.17s
         0         1      --     143 -2.511907e+00 -2.599295e+00  3.362%  5.23s
         0         1      --     143 -2.511934e+00 -2.599295e+00  3.361%  5.28s
         0         1      --     143 -2.511945e+00 -2.599295e+00  3.361%  5.36s
         0         1      --     142 -2.511980e+00 -2.599295e+00  3.359%  5.42s
         0         1      --     141 -2.511981e+00 -2.599295e+00  3.359%  5.48s

     Nodes    Active  LPit/n  IntInf     BestBound  BestSolution     Gap   Time
         0         1      --     141 -2.511986e+00 -2.599295e+00  3.359%  5.55s
         1         2    2258     141 -2.519627e+00 -2.599295e+00  3.065%  8.56s
         2         2    1338     143 -2.521916e+00 -2.599295e+00  2.977%  8.72s
         3         4   977.3     117 -2.521916e+00 -2.599295e+00  2.977%  8.72s
         4         2   803.8     132 -2.524731e+00 -2.599295e+00  2.869%  8.88s
         5         4   710.2     135 -2.524731e+00 -2.599295e+00  2.869%  8.88s
         6         6   662.8     138 -2.524731e+00 -2.599295e+00  2.869%  8.88s
         7         7   622.9     134 -2.524731e+00 -2.599295e+00  2.869%  8.88s
         8         2   556.0     132 -2.524731e+00 -2.599295e+00  2.869%  9.03s
         9         4   517.7     132 -2.524731e+00 -2.599295e+00  2.869%  9.03s
        10         6   475.0     139 -2.524731e+00 -2.599295e+00  2.869%  9.03s
        20        12   316.8     136 -2.525511e+00 -2.599295e+00  2.839%  9.28s
        30         6   264.2     115 -2.535408e+00 -2.599295e+00  2.458% 12.91s
        40        26   255.0     134 -2.535408e+00 -2.599295e+00  2.458% 12.91s
        50        40   251.1     103 -2.535408e+00 -2.599295e+00  2.458% 12.91s

     Nodes    Active  LPit/n  IntInf     BestBound  BestSolution     Gap   Time
        60        27   243.9     105 -2.535751e+00 -2.599295e+00  2.445% 13.38s
        70        46   236.0      90 -2.535751e+00 -2.599295e+00  2.445% 13.38s
        80        64   225.8     103 -2.535751e+00 -2.599295e+00  2.445% 13.38s
        90        44   221.5     101 -2.538372e+00 -2.599295e+00  2.344% 13.71s
       100        58   209.5     110 -2.538372e+00 -2.599295e+00  2.344% 13.71s
       110        73   201.3     110 -2.538372e+00 -2.599295e+00  2.344% 13.71s
       120        53   193.4      99 -2.538372e+00 -2.599295e+00  2.344% 14.10s
       130        66   182.3     107 -2.538372e+00 -2.599295e+00  2.344% 14.10s
       140        78   175.6     102 -2.538372e+00 -2.599295e+00  2.344% 14.10s
       150        58   169.4     110 -2.538372e+00 -2.599295e+00  2.344% 14.49s
       160        78   160.5      69 -2.538372e+00 -2.599295e+00  2.344% 14.49s
       170        97   152.7      98 -2.538372e+00 -2.599295e+00  2.344% 14.49s
       180       114   146.6     101 -2.538372e+00 -2.599295e+00  2.344% 14.49s
       190       101   148.5     101 -2.542497e+00 -2.599295e+00  2.185% 15.45s
       200       121   149.7      87 -2.542497e+00 -2.599295e+00  2.185% 15.45s

     Nodes    Active  LPit/n  IntInf     BestBound  BestSolution     Gap   Time
       300       225   134.8      96 -2.543310e+00 -2.599295e+00  2.154% 19.33s
       400       326   120.5      85 -2.543971e+00 -2.599295e+00  2.128% 20.29s
       500       417   109.8      99 -2.545012e+00 -2.599295e+00  2.088% 20.61s
       600        44   122.4     121 -2.545316e+00 -2.599295e+00  2.077% 25.89s
       700       146   115.9     122 -2.545316e+00 -2.599295e+00  2.077% 26.28s
       800       242   110.8      70 -2.546726e+00 -2.599295e+00  2.022% 28.58s
       900       340   104.0      71 -2.553858e+00 -2.599295e+00  1.748% 28.80s
      1000       412    97.3      74 -2.555961e+00 -2.599295e+00  1.667% 29.07s
      1100       516    92.1      61 -2.557341e+00 -2.599295e+00  1.614% 29.55s
      1200       620    88.0      69 -2.557727e+00 -2.599295e+00  1.599% 30.11s
      1300       720    84.4      59 -2.558145e+00 -2.599295e+00  1.583% 30.72s
      1400       801    81.7      99 -2.558462e+00 -2.599295e+00  1.571% 31.59s
      1500       867    80.0      62 -2.558888e+00 -2.599295e+00  1.555% 31.97s
      1600       943    77.6      56 -2.559051e+00 -2.599295e+00  1.548% 32.41s
      1700      1014    76.2      38 -2.559071e+00 -2.599295e+00  1.548% 33.28s

     Nodes    Active  LPit/n  IntInf     BestBound  BestSolution     Gap   Time
      1800      1029    74.4      30 -2.560298e+00 -2.599295e+00  1.500% 34.02s
      1900      1095    73.0      47 -2.561048e+00 -2.599295e+00  1.471% 34.71s
      2000      1145    70.8      42 -2.561052e+00 -2.599295e+00  1.471% 35.11s
      3000      1850    57.7      36 -2.562164e+00 -2.599295e+00  1.429% 39.24s
      4000      2774    47.3      27 -2.562947e+00 -2.599295e+00  1.398% 42.24s
      5000       196    45.5     100 -2.563629e+00 -2.599295e+00  1.372% 50.07s
      6000      1061    45.4      89 -2.563629e+00 -2.599295e+00  1.372% 58.15s
      7000      1715    42.7       6 -2.563629e+00 -2.599295e+00  1.372% 64.56s
      8000      2097    40.6      22 -2.563629e+00 -2.599295e+00  1.372% 66.76s
      9000      2612    39.3      23 -2.563694e+00 -2.599295e+00  1.370% 69.85s
     10000      2719    37.4      64 -2.565153e+00 -2.599295e+00  1.314% 73.25s
     11000      3078    36.4       2 -2.565983e+00 -2.599295e+00  1.282% 76.92s
     12000      3368    35.2      30 -2.566854e+00 -2.599295e+00  1.248% 78.29s
     13000      3876    34.5      19 -2.567245e+00 -2.599295e+00  1.233% 80.52s
     14000      4339    33.5      20 -2.567702e+00 -2.599295e+00  1.215% 82.11s

     Nodes    Active  LPit/n  IntInf     BestBound  BestSolution     Gap   Time
     15000      4754    32.7      17 -2.567830e+00 -2.599295e+00  1.210% 83.73s
     16000      5343    31.9      28 -2.568088e+00 -2.599295e+00  1.201% 86.13s
     17000      6152    31.0      22 -2.568241e+00 -2.599295e+00  1.195% 87.01s
     18000      6863    30.3      12 -2.568427e+00 -2.599295e+00  1.188% 88.20s
     19000      7467    29.7       9 -2.568644e+00 -2.599295e+00  1.179% 89.79s
     20000      8030    29.1      24 -2.568878e+00 -2.599295e+00  1.170% 91.13s
H    20202      8178    29.1       3 -2.568923e+00 -2.599295e+00  1.168% 91.65s
     30000     12737    27.1      17 -2.570535e+00 -2.599295e+00  1.106%   108s
     40000      1985    26.6      14 -2.571576e+00 -2.599295e+00  1.066%   131s
H    44423      3358    26.2      15 -2.571576e+00 -2.599295e+00  1.066%   145s
     50000      5014    25.5      31 -2.571576e+00 -2.599295e+00  1.066%   162s
     60000      8821    24.7      60 -2.574504e+00 -2.599295e+00  0.954%   179s
     70000     12163    24.3      67 -2.576624e+00 -2.599295e+00  0.872%   197s
H    73370     13376    24.2      29 -2.577079e+00 -2.599295e+00  0.855%   205s
     80000     16402    24.0      80 -2.577713e+00 -2.599295e+00  0.830%   215s

     Nodes    Active  LPit/n  IntInf     BestBound  BestSolution     Gap   Time
     90000     21075    23.9      14 -2.577866e+00 -2.599295e+00  0.824%   231s
    100000     24786    23.8      10 -2.577901e+00 -2.599295e+00  0.823%   247s
    110000     28891    23.8      10 -2.577920e+00 -2.599295e+00  0.822%   260s
    120000     33314    23.6      40 -2.577922e+00 -2.599295e+00  0.822%   275s
    130000     36395    23.6      24 -2.577924e+00 -2.599295e+00  0.822%   293s
    134264     37589    23.5       7 -2.577924e+00 -2.599295e+00  0.822%   300s

Best solution   : -2.599294585
Best bound      : -2.577924174
Best gap        : 0.8222%
Solve time      : 300.02
Solve node      : 134264
MIP status      : stopped (time limit reached)
Solution status : integer feasible

Violations      :     absolute     relative
    bounds      :            0            0
    rows        :  9.09495e-13  1.82839e-16
    integrality :            0
  quadratics    :  1.48643e-08
vars -> data/j1150-p3-vars.json
decode -> data/noturn-j1150-p3-decode.json
{
 "status": 8,
 "time": 300.1349763870239,
 "S": -2.5992945850207434,
 "pos": -2805.2992945731003,
 "S_bound": -2.5779241736381664,
 "pos_bound": -2805.2779241617177,
 "circleResid": 5.418734794204738e-09,
 "abNorm": 1.0000000027093674,
 "maxTurnMagResid": 2.858497270309679e-07,
 "thetaDeg": 20.20751610078306,
 "px": -2802.728360983095,
 "pz": 4970.429437359327,
 "sprintEngage": 17
}
combos: A S A SA NONE WA SA SA NONE WA SA S S S SD SD SD WD WD W W WD WD WD W WD WD WD WD WD WD WD WD WD WD WD WD WD W
