Cardinal Optimizer v8.0.5. Build date May 30 2026
Copyright Cardinal Operations 2026. All Rights Reserved

Setting parameter 'Logging' to 1
Setting parameter 'TimeLimit' to 300
Setting parameter 'FeasTol' to 1e-09
Setting parameter 'NonConvex' to 2
Setting parameter 'HeurLevel' to 3
Setting parameter 'DivingHeurLevel' to 3
Setting parameter 'RoundingHeurLevel' to 3
Setting parameter 'SubMipHeurLevel' to 3
Setting parameter 'PreRootHeurLevel' to 3
Model fingerprint: 1d7e7da8

Using Cardinal Optimizer v8.0.5 on Windows (25H2 Build 26200 - x86_64)
The CPU model is AMD Ryzen 5 3600 6-Core Processor
Hardware has 6 physical cores and 12 logical cores. Using instruction set X86_NATIVE (1)
Maximizing a MIQCP problem

The original problem has:
    1893 rows, 588 columns and 7398 non-zero elements
    400 binaries
    11 quadratic constraints

Starting the MIP solver with 12 threads and 32 tasks

Presolving the problem

The presolved problem has:
    1891 rows, 597 columns and 7395 non-zero elements
    387 binaries
    22 SOC rows and 66 non-zero elements

Problem info:
    Range of matrix coefficients:    [3e-04,7e+00]
    Range of rhs coefficients:       [4e-04,5e+03]
    Range of bound coefficients:     [7e-04,5e+03]
    Range of cost coefficients:      [3e-02,7e+00]
    Density of cost:                     15.6%

     Nodes    Active  LPit/n  IntInf     BestBound  BestSolution     Gap   Time
         0         1      --       0  1.556332e+01            --     Inf  0.07s
         0         1      --     129 -2.418583e+00            --     Inf  0.30s
         0         1      --     128 -2.418649e+00            --     Inf  3.11s
         0         1      --     130 -2.419809e+00            --     Inf  3.17s
         0         1      --     138 -2.420534e+00            --     Inf  3.22s
         0         1      --     139 -2.420776e+00            --     Inf  3.28s
         0         1      --     139 -2.421394e+00            --     Inf  3.35s
         0         1      --     137 -2.421634e+00            --     Inf  3.41s
         0         1      --     129 -2.421906e+00            --     Inf  3.47s
         0         1      --     129 -2.421991e+00            --     Inf  3.52s
         0         1      --     133 -2.422060e+00            --     Inf  3.60s
         0         1      --     130 -2.422126e+00            --     Inf  3.67s
         0         1      --     123 -2.422679e+00            --     Inf  3.75s
         0         1      --     123 -2.422753e+00            --     Inf  3.82s
         0         1      --     121 -2.422840e+00            --     Inf  3.88s

     Nodes    Active  LPit/n  IntInf     BestBound  BestSolution     Gap   Time
         0         1      --     137 -2.422968e+00            --     Inf  3.97s
         0         1      --     138 -2.423240e+00            --     Inf  4.04s
         0         1      --     139 -2.423260e+00            --     Inf  4.12s
         0         1      --     141 -2.423346e+00            --     Inf  4.22s
         0         1      --     139 -2.423388e+00            --     Inf  4.30s
         0         1      --     136 -2.423391e+00            --     Inf  4.37s
         0         1      --     170 -2.423895e+00            --     Inf  4.44s
         0         1      --     170 -2.423932e+00            --     Inf  4.53s
         0         1      --     172 -2.423956e+00            --     Inf  4.61s
         0         1      --     169 -2.423961e+00            --     Inf  4.69s
         0         1      --     170 -2.423963e+00            --     Inf  4.76s
         0         1      --     170 -2.423974e+00            --     Inf  4.82s
         0         1      --     170 -2.423985e+00            --     Inf  4.89s
         0         1      --     170 -2.424057e+00            --     Inf  4.97s
         0         1      --     172 -2.424254e+00            --     Inf  5.04s

     Nodes    Active  LPit/n  IntInf     BestBound  BestSolution     Gap   Time
         0         1      --     178 -2.424573e+00            --     Inf  5.13s
         0         1      --     175 -2.424673e+00            --     Inf  5.22s
         0         1      --     174 -2.424684e+00            --     Inf  5.30s
         0         1      --     173 -2.424702e+00            --     Inf  5.38s
         0         1      --     176 -2.424745e+00            --     Inf  5.46s
         0         1      --     177 -2.424745e+00            --     Inf  5.54s
         0         1      --     177 -2.424746e+00            --     Inf  5.61s
         0         1      --     176 -2.424760e+00            --     Inf  5.69s
         0         1      --     176 -2.424762e+00            --     Inf  5.76s
         0         1      --     176 -2.424770e+00            --     Inf  5.83s
         0         1      --     177 -2.424781e+00            --     Inf  5.91s
         1         2    2322     177 -2.427121e+00            --     Inf  8.05s
         2         2    1322     192 -2.428781e+00            --     Inf  8.38s
         3         4    1008     147 -2.428781e+00            --     Inf  8.38s
         4         2   826.0     161 -2.432663e+00            --     Inf  8.61s

     Nodes    Active  LPit/n  IntInf     BestBound  BestSolution     Gap   Time
         5         4   730.0     114 -2.432663e+00            --     Inf  8.61s
         6         6   633.2     125 -2.432663e+00            --     Inf  8.61s
         7         8   575.4     137 -2.432663e+00            --     Inf  8.61s
         8         2   509.5     155 -2.432663e+00            --     Inf  8.91s
         9         4   481.9     106 -2.432663e+00            --     Inf  8.91s
        10         6   441.8     110 -2.432663e+00            --     Inf  8.91s
        20        10   292.4     152 -2.443931e+00            --     Inf  9.52s
        30        30   256.3     125 -2.443931e+00            --     Inf  9.52s
        40        18   241.7      78 -2.476329e+00            --     Inf 17.73s
        50        36   243.2     100 -2.476329e+00            --     Inf 17.73s
        60        52   245.0      92 -2.476329e+00            --     Inf 17.73s
        70        40   266.9     129 -2.476329e+00            --     Inf 18.16s
        80        59   276.5     121 -2.476329e+00            --     Inf 18.16s
        90        75   267.5      77 -2.476329e+00            --     Inf 18.16s
       100        59   254.7     127 -2.476329e+00            --     Inf 18.43s

     Nodes    Active  LPit/n  IntInf     BestBound  BestSolution     Gap   Time
       110        77   235.6     135 -2.476329e+00            --     Inf 18.43s
       120        95   219.7     101 -2.476329e+00            --     Inf 18.43s
       130        78   206.1     136 -2.476329e+00            --     Inf 18.69s
       140        90   198.8      99 -2.476329e+00            --     Inf 18.69s
       150       102   191.4     131 -2.476329e+00            --     Inf 18.69s
       160        89   182.8     115 -2.476329e+00            --     Inf 18.83s
       170       106   175.7     137 -2.476329e+00            --     Inf 18.83s
       180       120   168.9     122 -2.476329e+00            --     Inf 18.83s
       190       135   163.1      79 -2.476329e+00            --     Inf 18.83s
       200       116   157.0     114 -2.476329e+00            --     Inf 19.81s
       300       167   136.4      64 -2.476329e+00            --     Inf 25.02s
       400       209   117.5      58 -2.479184e+00            --     Inf 25.46s
       500       279   107.8      82 -2.479184e+00            --     Inf 26.80s
       600        20   129.2     123 -2.502163e+00            --     Inf 34.74s
       700        78   124.3     123 -2.512853e+00            --     Inf 35.28s

     Nodes    Active  LPit/n  IntInf     BestBound  BestSolution     Gap   Time
       800       128   120.3     156 -2.521176e+00            --     Inf 37.30s
       900       168   116.5      92 -2.526622e+00            --     Inf 38.81s
      1000       237   112.3      84 -2.526627e+00            --     Inf 39.77s
      1100       289   107.9      80 -2.526746e+00            --     Inf 40.69s
      1200       384   104.1     112 -2.526746e+00            --     Inf 41.76s
      1300       448   101.5      76 -2.526746e+00            --     Inf 41.93s
      1400       498   101.2     112 -2.526746e+00            --     Inf 42.55s
      1500       562    98.3      97 -2.526843e+00            --     Inf 43.37s
      1600       637    96.8      54 -2.529703e+00            --     Inf 43.91s
      1700       700    94.9      50 -2.529703e+00            --     Inf 44.66s
      1800       766    93.0     123 -2.530000e+00            --     Inf 45.43s
      1900       797    91.0      68 -2.530000e+00            --     Inf 45.99s
      2000       875    88.9     121 -2.530692e+00            --     Inf 46.59s
      3000      1530    74.1      31 -2.531211e+00            --     Inf 50.53s
      4000      2048    64.7      32 -2.532289e+00            --     Inf 53.27s

     Nodes    Active  LPit/n  IntInf     BestBound  BestSolution     Gap   Time
      5000       143    65.1     113 -2.533064e+00            --     Inf 64.42s
      6000       713    66.0     106 -2.533064e+00            --     Inf 73.21s
      7000      1344    61.6      14 -2.533064e+00            --     Inf 76.50s
      8000      1710    58.1       8 -2.533064e+00            --     Inf 79.98s
      9000      2020    56.0       8 -2.533064e+00            --     Inf 84.91s
     10000      2433    53.9       6 -2.533064e+00            --     Inf 87.85s
     11000      2930    52.4      14 -2.534174e+00            --     Inf 91.21s
*    11084      2956    52.3       0 -2.534174e+00 -2.599659e+00  2.519% 91.40s
H    11141      2990    52.2      87 -2.534174e+00 -2.599507e+00  2.513% 91.53s
H    11141      2990    52.2      87 -2.534174e+00 -2.599254e+00  2.504% 91.53s
H    11197      3013    52.1      30 -2.534290e+00 -2.599254e+00  2.499% 91.73s
H    11218      3017    52.1       4 -2.534358e+00 -2.599029e+00  2.488% 92.02s
H    11312      3066    52.2       4 -2.534388e+00 -2.599029e+00  2.487% 92.58s
H    11539      3196    52.0      32 -2.534418e+00 -2.598765e+00  2.476% 94.61s
     12000      3457    51.7      11 -2.535214e+00 -2.598765e+00  2.445%   105s

     Nodes    Active  LPit/n  IntInf     BestBound  BestSolution     Gap   Time
H    12059      3495    51.6       0 -2.535214e+00 -2.598590e+00  2.439%   107s
H    12300      3622    51.4      89 -2.535728e+00 -2.597927e+00  2.394%   110s
     13000      3948    50.9      28 -2.536678e+00 -2.597927e+00  2.358%   112s
     14000      4324    49.9       5 -2.537833e+00 -2.597927e+00  2.313%   114s
     15000      4668    49.5       3 -2.539570e+00 -2.597927e+00  2.246%   118s
     16000      5002    49.2       3 -2.540710e+00 -2.597927e+00  2.202%   123s
     17000      5353    48.9       2 -2.541271e+00 -2.597927e+00  2.181%   127s
     18000      5664    48.8      22 -2.541913e+00 -2.597927e+00  2.156%   130s
     19000      6015    48.6       2 -2.542805e+00 -2.597927e+00  2.122%   133s
     20000      6372    48.3       2 -2.543922e+00 -2.597927e+00  2.079%   137s
     30000     10373    46.7      73 -2.549044e+00 -2.597927e+00  1.882%   171s
     40000     13904    45.8       5 -2.551953e+00 -2.597927e+00  1.770%   199s
     50000     17679    45.3       0 -2.553171e+00 -2.597927e+00  1.723%   223s
     60000     21194    44.8      17 -2.553577e+00 -2.597927e+00  1.707%   241s
     70000     24454    44.5       4 -2.554265e+00 -2.597927e+00  1.681%   266s

     Nodes    Active  LPit/n  IntInf     BestBound  BestSolution     Gap   Time
     80000     27674    44.6       2 -2.554486e+00 -2.597927e+00  1.672%   286s
     85067     29630    44.4       2 -2.554581e+00 -2.597927e+00  1.668%   300s

Best solution   : -2.597927119
Best bound      : -2.554581136
Best gap        : 1.6685%
Solve time      : 300.01
Solve node      : 85067
MIP status      : stopped (time limit reached)
Solution status : integer feasible

Violations      :     absolute     relative
    bounds      :            0            0
    rows        :  9.09495e-13  2.22045e-16
    integrality :            0
  quadratics    :  1.54437e-09
decode -> data/noturn-j1150-phaseA-decode.json
{
 "status": 8,
 "time": 300.1556873321533,
 "S": -2.597927119257747,
 "pos": -2805.2979271073373,
 "S_bound": -2.5545811363354005,
 "pos_bound": -2805.254581124415,
 "circleResid": 6.946252462114444e-10,
 "abNorm": 1.0000000003473126,
 "maxTurnMagResid": 2.9699453833742506e-08,
 "thetaDeg": 20.502842571069927,
 "px": -2802.735077049902,
 "pz": 4971.05781804602,
 "sprintEngage": 18
}
combos: SA SD SA SA SA WA SA SA NONE SA SA S SA SD S SD SD WD W WD WD WD WD W W WD WD WD WD WD WD WD WD WD WD WD WD WD W
