Cardinal Optimizer v8.0.5. Build date May 30 2026
Copyright Cardinal Operations 2026. All Rights Reserved

Setting parameter 'Logging' to 1
Setting parameter 'TimeLimit' to 300
Setting parameter 'FeasTol' to 1e-09
Setting parameter 'NonConvex' to 2
Setting parameter 'HeurLevel' to 3
Setting parameter 'DivingHeurLevel' to 3
Setting parameter 'RoundingHeurLevel' to 3
Setting parameter 'SubMipHeurLevel' to 3
Setting parameter 'PreRootHeurLevel' to 3
Model fingerprint: 241b55c3

Using Cardinal Optimizer v8.0.5 on Windows (25H2 Build 26200 - x86_64)
The CPU model is AMD Ryzen 5 3600 6-Core Processor
Hardware has 6 physical cores and 12 logical cores. Using instruction set X86_NATIVE (1)
Maximizing a MIQCP problem

The original problem has:
    1893 rows, 588 columns and 7398 non-zero elements
    400 binaries
    11 quadratic constraints

Starting the MIP solver with 12 threads and 32 tasks

Presolving the problem

The presolved problem has:
    1891 rows, 597 columns and 7395 non-zero elements
    387 binaries
    22 SOC rows and 66 non-zero elements

Problem info:
    Range of matrix coefficients:    [3e-04,7e+00]
    Range of rhs coefficients:       [4e-04,5e+03]
    Range of bound coefficients:     [7e-04,5e+03]
    Range of cost coefficients:      [3e-02,7e+00]
    Density of cost:                     15.6%

     Nodes    Active  LPit/n  IntInf     BestBound  BestSolution     Gap   Time
         0         1      --       0  1.556332e+01            --     Inf  0.08s
         0         1      --     127 -2.446188e+00            --     Inf  0.36s
         0         1      --     135 -2.446777e+00            --     Inf  2.49s
         0         1      --     164 -2.448193e+00            --     Inf  2.57s
         0         1      --     154 -2.448203e+00            --     Inf  2.63s
         0         1      --     142 -2.448262e+00            --     Inf  2.69s
         0         1      --     155 -2.448301e+00            --     Inf  2.75s
         0         1      --     151 -2.448452e+00            --     Inf  2.81s
         0         1      --     141 -2.448548e+00            --     Inf  2.89s
         0         1      --     134 -2.449165e+00            --     Inf  2.97s
         0         1      --     134 -2.449234e+00            --     Inf  3.03s
         0         1      --     136 -2.449250e+00            --     Inf  3.09s
         0         1      --     118 -2.449377e+00            --     Inf  3.15s
         0         1      --     140 -2.449430e+00            --     Inf  3.20s
         0         1      --     137 -2.449728e+00            --     Inf  3.26s

     Nodes    Active  LPit/n  IntInf     BestBound  BestSolution     Gap   Time
         0         1      --     137 -2.449745e+00            --     Inf  3.33s
         0         1      --     136 -2.449797e+00            --     Inf  3.40s
         0         1      --     132 -2.449862e+00            --     Inf  3.45s
         0         1      --     111 -2.449876e+00            --     Inf  3.52s
         0         1      --     111 -2.449876e+00            --     Inf  3.58s
         0         1      --     110 -2.449988e+00            --     Inf  3.64s
         0         1      --     152 -2.450145e+00            --     Inf  3.71s
         0         1      --     153 -2.450160e+00            --     Inf  3.80s
         0         1      --     158 -2.450194e+00            --     Inf  3.91s
         0         1      --     157 -2.450194e+00            --     Inf  3.99s
         1         2    2441     157 -2.462782e+00            --     Inf  5.60s
         2         2    1392     179 -2.470130e+00            --     Inf  5.90s
         3         4    1093     157 -2.470130e+00            --     Inf  5.90s
         4         2   871.8     115 -2.470152e+00            --     Inf  6.14s
         5         4   752.8     156 -2.470152e+00            --     Inf  6.14s

     Nodes    Active  LPit/n  IntInf     BestBound  BestSolution     Gap   Time
         6         6   670.8     162 -2.470152e+00            --     Inf  6.14s
         7         8   635.1     160 -2.470152e+00            --     Inf  6.14s
         8         2   556.1     114 -2.471826e+00            --     Inf  6.39s
         9         4   536.9     129 -2.471826e+00            --     Inf  6.39s
        10         6   492.0     155 -2.471826e+00            --     Inf  6.39s
        20        10   317.8     106 -2.475450e+00            --     Inf  6.82s
        30        30   231.6     113 -2.475450e+00            --     Inf  6.82s
        40        18   195.8     108 -2.479544e+00            --     Inf 15.71s
        50        38   169.7     149 -2.479544e+00            --     Inf 15.71s
        60        58   155.2     150 -2.479544e+00            --     Inf 15.71s
        70        46   144.9     110 -2.479544e+00            --     Inf 15.98s
        80        66   142.8      85 -2.479544e+00            --     Inf 15.98s
        90        86   132.2     157 -2.479544e+00            --     Inf 15.98s
       100        73   126.4     127 -2.479544e+00            --     Inf 16.15s
       110        93   126.1     104 -2.479544e+00            --     Inf 16.15s

     Nodes    Active  LPit/n  IntInf     BestBound  BestSolution     Gap   Time
       120       113   120.5     113 -2.479544e+00            --     Inf 16.15s
       130        99   122.2      91 -2.479544e+00            --     Inf 16.33s
       140       112   125.8      98 -2.479544e+00            --     Inf 16.33s
       150       122   125.0      87 -2.479544e+00            --     Inf 16.33s
       160       103   125.7     121 -2.479544e+00            --     Inf 16.40s
       170       112   122.5     119 -2.479544e+00            --     Inf 16.40s
       180       125   119.4      99 -2.479544e+00            --     Inf 16.40s
       190       135   115.4     104 -2.479544e+00            --     Inf 16.40s
       200       115   111.7     104 -2.480612e+00            --     Inf 16.68s
       300       143    94.8      85 -2.480612e+00            --     Inf 19.85s
       400       168    85.1      93 -2.483836e+00            --     Inf 20.41s
       500       207    75.4      86 -2.496033e+00            --     Inf 20.77s
       600        28    80.2     112 -2.526331e+00            --     Inf 24.61s
       700        82    75.1      73 -2.537238e+00            --     Inf 25.15s
       800        70    72.1      70 -2.551243e+00            --     Inf 26.28s

     Nodes    Active  LPit/n  IntInf     BestBound  BestSolution     Gap   Time
       900       116    67.7      71 -2.553765e+00            --     Inf 26.52s
      1000       172    67.2      86 -2.553904e+00            --     Inf 27.73s
      1100       234    70.4      58 -2.553904e+00            --     Inf 28.65s
      1200       274    67.9      47 -2.555036e+00            --     Inf 29.15s
      1300       300    66.4      74 -2.555036e+00            --     Inf 29.61s
      1400       324    65.7     100 -2.555352e+00            --     Inf 29.72s
      1500       354    68.9     111 -2.557086e+00            --     Inf 30.26s
      1600       350    68.2     133 -2.557127e+00            --     Inf 30.88s
      1700       354    67.5     133 -2.559252e+00            --     Inf 31.58s
      1800       384    68.0      95 -2.559261e+00            --     Inf 32.35s
      1900       406    67.7     113 -2.559489e+00            --     Inf 32.64s
      2000       426    68.4      64 -2.559876e+00            --     Inf 34.14s
      3000       964    62.4      62 -2.560921e+00            --     Inf 37.67s
      4000      1324    57.1      10 -2.563655e+00            --     Inf 40.17s
      5000        85    61.3     111 -2.564039e+00            --     Inf 55.57s

     Nodes    Active  LPit/n  IntInf     BestBound  BestSolution     Gap   Time
      6000       451    64.6      39 -2.564039e+00            --     Inf 61.81s
      7000       859    60.7      87 -2.564039e+00            --     Inf 65.53s
      8000      1191    60.0      76 -2.564039e+00            --     Inf 70.31s
      9000      1547    58.1      28 -2.564284e+00            --     Inf 74.54s
     10000      1893    56.6      28 -2.565304e+00            --     Inf 76.49s
     11000      2155    55.0      21 -2.566463e+00            --     Inf 79.54s
     12000      2446    54.6      50 -2.567950e+00            --     Inf 83.55s
     13000      2822    55.0      62 -2.568948e+00            --     Inf 86.81s
     14000      3188    54.6      47 -2.569899e+00            --     Inf 90.49s
     15000      3562    53.3      30 -2.571147e+00            --     Inf 93.42s
     16000      3884    52.4      47 -2.571919e+00            --     Inf 97.28s
     17000      4381    51.9      10 -2.572244e+00            --     Inf 99.37s
     18000      4711    51.0       9 -2.572781e+00            --     Inf   101s
     19000      5000    50.3      15 -2.573324e+00            --     Inf   103s
     20000      5306    49.6      11 -2.574038e+00            --     Inf   106s

     Nodes    Active  LPit/n  IntInf     BestBound  BestSolution     Gap   Time
     30000      8660    44.9      13 -2.577798e+00            --     Inf   124s
     40000     11740    42.1      13 -2.581018e+00            --     Inf   144s
     50000     15024    40.7       2 -2.583007e+00            --     Inf   164s
     60000     18239    39.6      11 -2.584641e+00            --     Inf   182s
     70000     21652    38.9       4 -2.586060e+00            --     Inf   200s
     80000     24853    38.3       0 -2.586614e+00            --     Inf   217s
     90000     28034    37.8      13 -2.587450e+00            --     Inf   234s
    100000     31019    37.3       2 -2.587972e+00            --     Inf   250s
    110000     34002    36.9       5 -2.588360e+00            --     Inf   265s
    120000     37077    36.5       9 -2.588874e+00            --     Inf   281s
    130000     40184    36.2       5 -2.589226e+00            --     Inf   296s
    132247     40871    36.1       4 -2.589271e+00            --     Inf   300s

Best solution   : -inf
Best bound      : -2.589270972
Best gap        : +inf
Solve time      : 300.00
Solve node      : 132247
MIP status      : stopped (time limit reached)
Solution status : unknown
{
 "status": 8,
 "time": 300.20749497413635
}
