Cardinal Optimizer v8.0.5. Build date May 30 2026
Copyright Cardinal Operations 2026. All Rights Reserved

Setting parameter 'Logging' to 1
Setting parameter 'TimeLimit' to 300
Setting parameter 'FeasTol' to 1e-09
Setting parameter 'NonConvex' to 2
Setting parameter 'HeurLevel' to 3
Setting parameter 'DivingHeurLevel' to 3
Setting parameter 'RoundingHeurLevel' to 3
Setting parameter 'SubMipHeurLevel' to 3
Setting parameter 'PreRootHeurLevel' to 3
Model fingerprint: bfa6acc4

Using Cardinal Optimizer v8.0.5 on Windows (25H2 Build 26200 - x86_64)
The CPU model is AMD Ryzen 5 3600 6-Core Processor
Hardware has 6 physical cores and 12 logical cores. Using instruction set X86_NATIVE (1)
Maximizing a MIQCP problem

The original problem has:
    1893 rows, 588 columns and 7398 non-zero elements
    400 binaries
    11 quadratic constraints

Starting the MIP solver with 12 threads and 32 tasks

Presolving the problem

The presolved problem has:
    1891 rows, 597 columns and 7395 non-zero elements
    387 binaries
    22 SOC rows and 66 non-zero elements

Problem info:
    Range of matrix coefficients:    [3e-04,7e+00]
    Range of rhs coefficients:       [4e-04,5e+03]
    Range of bound coefficients:     [7e-04,5e+03]
    Range of cost coefficients:      [3e-02,7e+00]
    Density of cost:                     15.6%

     Nodes    Active  LPit/n  IntInf     BestBound  BestSolution     Gap   Time
         0         1      --       0  1.556332e+01            --     Inf  0.07s
         0         1      --     128 -2.432209e+00            --     Inf  0.33s
         0         1      --     121 -2.432284e+00            --     Inf  2.39s
         0         1      --     138 -2.432719e+00            --     Inf  2.46s
         0         1      --     136 -2.432985e+00            --     Inf  2.52s
         0         1      --     160 -2.432998e+00            --     Inf  2.57s
         0         1      --     159 -2.433035e+00            --     Inf  2.64s
         0         1      --     132 -2.433916e+00            --     Inf  2.71s
         0         1      --     160 -2.433961e+00            --     Inf  2.77s
         0         1      --     130 -2.434529e+00            --     Inf  2.84s
         0         1      --     129 -2.434975e+00            --     Inf  2.91s
         0         1      --     132 -2.435176e+00            --     Inf  2.97s
         0         1      --     132 -2.435218e+00            --     Inf  3.04s
         0         1      --     130 -2.435242e+00            --     Inf  3.09s
         0         1      --     135 -2.435276e+00            --     Inf  3.15s

     Nodes    Active  LPit/n  IntInf     BestBound  BestSolution     Gap   Time
         0         1      --     123 -2.435548e+00            --     Inf  3.22s
         0         1      --     140 -2.436087e+00            --     Inf  3.28s
         0         1      --     155 -2.436602e+00            --     Inf  3.36s
         0         1      --     164 -2.436611e+00            --     Inf  3.43s
         0         1      --     142 -2.436625e+00            --     Inf  3.50s
         0         1      --     143 -2.436635e+00            --     Inf  3.57s
         0         1      --     145 -2.436767e+00            --     Inf  3.63s
         0         1      --     165 -2.436881e+00            --     Inf  3.71s
         0         1      --     158 -2.436983e+00            --     Inf  3.79s
         0         1      --     146 -2.437203e+00            --     Inf  3.86s
         0         1      --     145 -2.437481e+00            --     Inf  3.95s
         0         1      --     138 -2.437599e+00            --     Inf  4.01s
         0         1      --     175 -2.437719e+00            --     Inf  4.09s
         0         1      --     169 -2.438199e+00            --     Inf  4.18s
         0         1      --     170 -2.438214e+00            --     Inf  4.26s

     Nodes    Active  LPit/n  IntInf     BestBound  BestSolution     Gap   Time
         0         1      --     178 -2.438218e+00            --     Inf  4.35s
         0         1      --     174 -2.438298e+00            --     Inf  4.43s
         0         1      --     174 -2.438353e+00            --     Inf  4.52s
         0         1      --     176 -2.438503e+00            --     Inf  4.60s
         0         1      --     176 -2.438515e+00            --     Inf  4.68s
         0         1      --     178 -2.438561e+00            --     Inf  4.76s
         0         1      --     176 -2.438604e+00            --     Inf  4.85s
         0         1      --     174 -2.438680e+00            --     Inf  4.93s
         0         1      --     179 -2.438710e+00            --     Inf  5.02s
         1         2    3320     179 -2.442207e+00            --     Inf  6.60s
         2         2    1794     155 -2.446525e+00            --     Inf  6.94s
         3         4    1301     182 -2.446525e+00            --     Inf  6.94s
         4         2    1185     145 -2.448778e+00            --     Inf  7.33s
         5         4   982.6     176 -2.448778e+00            --     Inf  7.33s
         6         6   942.3     200 -2.448778e+00            --     Inf  7.33s

     Nodes    Active  LPit/n  IntInf     BestBound  BestSolution     Gap   Time
         7         8   834.7     185 -2.448778e+00            --     Inf  7.33s
         8         2   745.5     156 -2.455313e+00            --     Inf  7.70s
         9         4   727.0     184 -2.455313e+00            --     Inf  7.70s
        10         6   661.9     194 -2.455313e+00            --     Inf  7.70s
        20        10   452.9     152 -2.456447e+00            --     Inf  8.43s
        30        30   389.7     201 -2.456447e+00            --     Inf  8.43s
        40        18   351.8     144 -2.459884e+00            --     Inf 23.72s
        50        38   316.8     150 -2.459884e+00            --     Inf 23.72s
        60        58   298.1     200 -2.459884e+00            --     Inf 23.72s
        70        46   289.2     144 -2.459884e+00            --     Inf 24.36s
        80        66   265.6     142 -2.459884e+00            --     Inf 24.36s
        90        86   247.0     140 -2.459884e+00            --     Inf 24.36s
       100        72   239.1     122 -2.459884e+00            --     Inf 24.65s
       110        90   236.1     127 -2.459884e+00            --     Inf 24.65s
       120       102   234.4     135 -2.459884e+00            --     Inf 24.65s

     Nodes    Active  LPit/n  IntInf     BestBound  BestSolution     Gap   Time
       130        84   236.5     128 -2.459884e+00            --     Inf 25.08s
       140        95   239.8     134 -2.459884e+00            --     Inf 25.08s
       150       111   247.2     169 -2.459884e+00            --     Inf 25.08s
       160        87   252.7     110 -2.459884e+00            --     Inf 25.47s
       170       100   254.4     144 -2.459884e+00            --     Inf 25.47s
       180       110   257.8     142 -2.459884e+00            --     Inf 25.47s
       190       122   255.4     146 -2.459884e+00            --     Inf 25.47s
       200       101   251.7     134 -2.459884e+00            --     Inf 25.66s
       300       146   210.1     124 -2.461529e+00            --     Inf 34.48s
       400       166   181.6     109 -2.474001e+00            --     Inf 35.20s
       500       187   166.5      66 -2.476948e+00            --     Inf 36.59s
       600        18   174.7     126 -2.515083e+00            --     Inf 44.34s
       700        88   162.7     112 -2.519447e+00            --     Inf 44.49s
       800       146   149.3     104 -2.519447e+00            --     Inf 45.99s
       900       192   137.4      71 -2.527720e+00            --     Inf 46.13s

     Nodes    Active  LPit/n  IntInf     BestBound  BestSolution     Gap   Time
      1000       258   130.4      68 -2.527973e+00            --     Inf 46.44s
      1100       334   125.6      63 -2.527973e+00            --     Inf 46.85s
      1200       396   122.4     128 -2.529906e+00            --     Inf 47.40s
      1300       390   117.7      56 -2.530161e+00            --     Inf 47.81s
      1400       420   114.4     101 -2.534506e+00            --     Inf 48.59s
      1500       470   113.6     106 -2.537029e+00            --     Inf 49.40s
      1600       520   110.9     136 -2.538528e+00            --     Inf 49.89s
      1700       558   107.5      43 -2.538528e+00            --     Inf 50.15s
      1800       596   105.4      60 -2.539827e+00            --     Inf 51.03s
      1900       640   102.2      43 -2.540079e+00            --     Inf 51.57s
      2000       712    98.6     131 -2.540079e+00            --     Inf 52.01s
      3000      1356    79.9      39 -2.542029e+00            --     Inf 54.40s
      4000      1931    71.1      15 -2.542836e+00            --     Inf 57.73s
      5000        93    71.4     140 -2.544302e+00            --     Inf 69.47s
      6000       708    70.8      67 -2.544302e+00            --     Inf 74.03s

     Nodes    Active  LPit/n  IntInf     BestBound  BestSolution     Gap   Time
      7000      1319    66.0      20 -2.544302e+00            --     Inf 76.19s
      8000      1838    62.4      34 -2.544302e+00            --     Inf 78.16s
      9000      2380    59.5      24 -2.544302e+00            --     Inf 81.15s
     10000      2938    57.2      11 -2.544325e+00            --     Inf 84.08s
     11000      3446    55.5     111 -2.545390e+00            --     Inf 86.54s
     12000      4002    53.5      13 -2.545839e+00            --     Inf 89.11s
     13000      4532    52.3      40 -2.546573e+00            --     Inf 91.28s
     14000      5066    51.2      13 -2.547012e+00            --     Inf 93.09s
     15000      5611    50.0       7 -2.547365e+00            --     Inf 95.44s
     16000      6141    48.9      12 -2.548008e+00            --     Inf 97.01s
     17000      6637    48.1      32 -2.549065e+00            --     Inf 98.66s
     18000      7198    47.4       9 -2.549796e+00            --     Inf   101s
     19000      7672    46.7       2 -2.549966e+00            --     Inf   102s
     20000      8142    46.2       3 -2.550419e+00            --     Inf   104s
     30000     12735    42.3       3 -2.553502e+00            --     Inf   125s

     Nodes    Active  LPit/n  IntInf     BestBound  BestSolution     Gap   Time
     40000      1384    41.7       9 -2.555250e+00            --     Inf   155s
     50000      4342    40.2       0 -2.555250e+00            --     Inf   179s
     60000      6913    39.4       0 -2.555250e+00            --     Inf   207s
     70000      9394    38.6      64 -2.556554e+00            --     Inf   233s
     80000     12120    37.6       3 -2.557420e+00            --     Inf   257s
     90000     15585    36.8       2 -2.557420e+00            --     Inf   275s
    100000     18828    36.0       5 -2.557420e+00            --     Inf   292s
    104844     20299    35.7      10 -2.557420e+00            --     Inf   300s

Best solution   : -inf
Best bound      : -2.557420381
Best gap        : +inf
Solve time      : 300.01
Solve node      : 104844
MIP status      : stopped (time limit reached)
Solution status : unknown
{
 "status": 8,
 "time": 300.1138277053833
}
