Cardinal Optimizer v8.0.5. Build date May 30 2026
Copyright Cardinal Operations 2026. All Rights Reserved

Setting parameter 'Logging' to 1
mip start: 404 vars
Setting parameter 'TimeLimit' to 240
Setting parameter 'FeasTol' to 1e-09
Setting parameter 'NonConvex' to 2
Setting parameter 'HeurLevel' to 3
Setting parameter 'DivingHeurLevel' to 3
Setting parameter 'RoundingHeurLevel' to 3
Setting parameter 'SubMipHeurLevel' to 3
Setting parameter 'PreRootHeurLevel' to 3
Model fingerprint: 3433af9

Using Cardinal Optimizer v8.0.5 on Windows (25H2 Build 26200 - x86_64)
The CPU model is AMD Ryzen 5 3600 6-Core Processor
Hardware has 6 physical cores and 12 logical cores. Using instruction set X86_NATIVE (1)
Maximizing a MIQCP problem

The original problem has:
    1899 rows, 588 columns and 7490 non-zero elements
    400 binaries
    11 quadratic constraints

Starting the MIP solver with 12 threads and 32 tasks

Loading 1 initial MIP solution
Extending partial MIP solution # 1
Extending partial MIP solution # 1 failed (infeasible)
Initial MIP solution # 1 was rejected: partial
Presolving the problem

The presolved problem has:
    1248 rows, 425 columns and 5075 non-zero elements
    273 binaries
    22 SOC rows and 66 non-zero elements

Problem info:
    Range of matrix coefficients:    [6e-03,7e+00]
    Range of rhs coefficients:       [7e-04,5e+03]
    Range of bound coefficients:     [7e-04,5e+03]
    Range of cost coefficients:      [4e-02,7e+00]
    Density of cost:                     15.3%

     Nodes    Active  LPit/n  IntInf     BestBound  BestSolution     Gap   Time
         0         1      --       0  9.827477e+00            --     Inf  0.06s
         0         1      --      69 -2.550057e+00            --     Inf  0.18s
         0         1      --      51 -2.589375e+00            --     Inf  0.70s
         0         1      --      38 -2.589375e+00            --     Inf  0.72s
         0         1      --      39 -2.589375e+00            --     Inf  0.73s
         0         1      --      41 -2.589375e+00            --     Inf  0.74s
         0         1      --      41 -2.590843e+00            --     Inf  0.76s
         0         1      --      37 -2.591353e+00            --     Inf  0.77s
         0         1      --      31 -2.591796e+00            --     Inf  0.78s
         0         1      --      30 -2.592095e+00            --     Inf  0.79s
         0         1      --      27 -2.592288e+00            --     Inf  0.80s
         0         1      --      27 -2.592726e+00            --     Inf  0.82s
         0         1      --      22 -2.596050e+00            --     Inf  0.83s
         0         1      --      21 -2.596102e+00            --     Inf  0.84s
         0         1      --      21 -2.596122e+00            --     Inf  0.85s

     Nodes    Active  LPit/n  IntInf     BestBound  BestSolution     Gap   Time
         0         1      --      19 -2.596139e+00            --     Inf  0.86s
         0         1      --      15 -2.596162e+00            --     Inf  0.87s
         0         1      --      15 -2.596169e+00            --     Inf  0.88s
         0         1      --      14 -2.596169e+00            --     Inf  0.88s
         0         1      --      14 -2.596169e+00            --     Inf  0.90s
         0         1      --      12 -2.596179e+00            --     Inf  0.90s
         0         1      --      12 -2.596179e+00            --     Inf  0.91s
         0         1      --      12 -2.596189e+00            --     Inf  0.92s
         0         1      --      22 -2.599487e+00            --     Inf  1.00s
         0         1      --      18 -2.599516e+00            --     Inf  1.01s
         1         2   300.0      18 -2.599516e+00            --     Inf  1.75s
         2         1   152.5      18 -2.599528e+00            --     Inf  1.79s
         3         3   102.0      16 -2.599528e+00            --     Inf  1.79s
         4         2    77.3      16 -2.599538e+00            --     Inf  1.83s
         5         3    65.0      14 -2.599538e+00            --     Inf  1.83s

     Nodes    Active  LPit/n  IntInf     BestBound  BestSolution     Gap   Time
         6         5    54.3      14 -2.599538e+00            --     Inf  1.83s
         7         0    72.1      16 -2.599545e+00            --     Inf  1.88s
         8         2    63.3      12 -2.599545e+00            --     Inf  1.88s
         9         3    57.9      14 -2.599545e+00            --     Inf  1.88s
        10         5    52.2      14 -2.599545e+00            --     Inf  1.88s
        20         4    31.7       8 -2.599558e+00            --     Inf  2.04s
        30         2    36.1      29 -2.599558e+00            --     Inf  2.10s
        40        14    30.7      21 -2.599558e+00            --     Inf  2.10s
        50        16    29.0       6 -2.599558e+00            --     Inf  2.18s
        60        10    27.9      16 -2.599558e+00            --     Inf  2.32s
        70        28    27.4      15 -2.599558e+00            --     Inf  2.32s
        80        16    26.3       6 -2.599558e+00            --     Inf  2.44s
        90        30    26.6      12 -2.599558e+00            --     Inf  2.44s
       100        46    27.2       4 -2.599558e+00            --     Inf  2.44s
       110        62    27.1      15 -2.599558e+00            --     Inf  2.44s

     Nodes    Active  LPit/n  IntInf     BestBound  BestSolution     Gap   Time
       120        50    28.1      10 -2.599558e+00            --     Inf  2.70s
       130        70    28.9      18 -2.599558e+00            --     Inf  2.70s
       140        88    30.6      12 -2.599558e+00            --     Inf  2.70s
       150        74    31.3       8 -2.599558e+00            --     Inf  2.84s
       160        90    31.8      14 -2.599558e+00            --     Inf  2.84s
       170       108    31.7       6 -2.599558e+00            --     Inf  2.84s
       180        92    33.4       5 -2.599558e+00            --     Inf  2.99s
       190       109    33.1       6 -2.599558e+00            --     Inf  2.99s
       200       129    33.2       7 -2.599558e+00            --     Inf  2.99s
       300       184    37.6      30 -2.599558e+00            --     Inf  3.73s
       400       201    36.9      19 -2.599558e+00            --     Inf  4.06s
       500       225    35.5       8 -2.599558e+00            --     Inf  4.17s
       527         0    35.1      55 -1.000000e+30            --  0.000%  4.47s

Best solution   : -inf
Best bound      : -inf
Best gap        : 0.0000%
Solve time      : 4.47
Solve node      : 527
MIP status      : solved
Solution status : infeasible
{
 "status": 2,
 "time": 4.49077582359314
}
