Cardinal Optimizer v8.0.5. Build date May 30 2026
Copyright Cardinal Operations 2026. All Rights Reserved

Setting parameter 'Logging' to 1
mip start: 404 vars
Setting parameter 'TimeLimit' to 240
Setting parameter 'FeasTol' to 1e-09
Setting parameter 'NonConvex' to 2
Setting parameter 'HeurLevel' to 3
Setting parameter 'DivingHeurLevel' to 3
Setting parameter 'RoundingHeurLevel' to 3
Setting parameter 'SubMipHeurLevel' to 3
Setting parameter 'PreRootHeurLevel' to 3
Model fingerprint: 30b11836

Using Cardinal Optimizer v8.0.5 on Windows (25H2 Build 26200 - x86_64)
The CPU model is AMD Ryzen 5 3600 6-Core Processor
Hardware has 6 physical cores and 12 logical cores. Using instruction set X86_NATIVE (1)
Maximizing a MIQCP problem

The original problem has:
    1899 rows, 588 columns and 7490 non-zero elements
    400 binaries
    11 quadratic constraints

Starting the MIP solver with 12 threads and 32 tasks

Loading 1 initial MIP solution
Extending partial MIP solution # 1
Extending partial MIP solution # 1 failed (infeasible)
Initial MIP solution # 1 was rejected: partial
Presolving the problem

The presolved problem has:
    1509 rows, 496 columns and 6052 non-zero elements
    320 binaries
    22 SOC rows and 66 non-zero elements

Problem info:
    Range of matrix coefficients:    [6e-03,7e+00]
    Range of rhs coefficients:       [7e-04,5e+03]
    Range of bound coefficients:     [7e-04,5e+03]
    Range of cost coefficients:      [3e-02,7e+00]
    Density of cost:                     15.5%

     Nodes    Active  LPit/n  IntInf     BestBound  BestSolution     Gap   Time
         0         1      --       0  1.041099e+01            --     Inf  0.07s
         0         1      --     111 -2.530903e+00            --     Inf  0.25s
         0         1      --      54 -2.568945e+00            --     Inf  2.04s
         0         1      --      42 -2.577290e+00            --     Inf  2.06s
         0         1      --      43 -2.577928e+00            --     Inf  2.08s
         0         1      --      41 -2.578175e+00            --     Inf  2.10s
         0         1      --      42 -2.580802e+00            --     Inf  2.12s
         0         1      --      41 -2.581310e+00            --     Inf  2.13s
         0         1      --      41 -2.582333e+00            --     Inf  2.15s
         0         1      --      40 -2.583501e+00            --     Inf  2.17s
         0         1      --      44 -2.588892e+00            --     Inf  2.19s
         0         1      --      47 -2.588897e+00            --     Inf  2.21s
         0         1      --      47 -2.589163e+00            --     Inf  2.23s
         0         1      --      46 -2.589381e+00            --     Inf  2.25s
         0         1      --      47 -2.589496e+00            --     Inf  2.27s

     Nodes    Active  LPit/n  IntInf     BestBound  BestSolution     Gap   Time
         0         1      --      45 -2.591064e+00            --     Inf  2.28s
         0         1      --      44 -2.591078e+00            --     Inf  2.30s
         0         1      --      43 -2.591127e+00            --     Inf  2.32s
         0         1      --      43 -2.591130e+00            --     Inf  2.34s
         0         1      --      43 -2.591137e+00            --     Inf  2.35s
         0         1      --      41 -2.591143e+00            --     Inf  2.38s
         0         1      --      41 -2.591148e+00            --     Inf  2.39s
         0         1      --      43 -2.591168e+00            --     Inf  2.41s
         0         1      --      46 -2.591636e+00            --     Inf  2.43s
         0         1      --      47 -2.591636e+00            --     Inf  2.45s
         0         1      --      46 -2.591637e+00            --     Inf  2.46s
         0         1      --      47 -2.591647e+00            --     Inf  2.48s
         0         1      --      45 -2.591875e+00            --     Inf  2.50s
         0         1      --      45 -2.591962e+00            --     Inf  2.52s
         0         1      --      44 -2.592145e+00            --     Inf  2.54s

     Nodes    Active  LPit/n  IntInf     BestBound  BestSolution     Gap   Time
         0         1      --      44 -2.592155e+00            --     Inf  2.56s
         0         1      --      45 -2.592156e+00            --     Inf  2.58s
         0         1      --      46 -2.592162e+00            --     Inf  2.60s
         0         1      --      47 -2.592166e+00            --     Inf  2.62s
         0         1      --      45 -2.593809e+00            --     Inf  2.76s
         1         2   527.0      45 -2.593852e+00            --     Inf  3.98s
         2         2   265.5      43 -2.593866e+00            --     Inf  4.10s
         3         2   324.7      45 -2.593866e+00            --     Inf  4.10s
         4         2   244.5      40 -2.593866e+00            --     Inf  4.17s
         5         2   195.6      45 -2.593866e+00            --     Inf  4.17s
         6         0   167.5      40 -2.593870e+00            --     Inf  4.26s
         7         2   143.9      39 -2.593870e+00            --     Inf  4.26s
         8         2   126.0      37 -2.593883e+00            --     Inf  4.36s
         9         4   113.9      36 -2.593883e+00            --     Inf  4.36s
        10         1   102.9      32 -2.593906e+00            --     Inf  4.64s

     Nodes    Active  LPit/n  IntInf     BestBound  BestSolution     Gap   Time
        20         1    64.6      32 -2.593924e+00            --     Inf  4.85s
        30        10    48.6      32 -2.593929e+00            --     Inf  4.92s
        40         6    39.1      25 -2.593940e+00            --     Inf  5.06s
        50         2    33.5      22 -2.593947e+00            --     Inf  5.17s
        60        16    29.4      20 -2.593947e+00            --     Inf  5.17s
        70        28    26.0      22 -2.593947e+00            --     Inf  5.17s
        80        18    24.6      20 -2.593951e+00            --     Inf  5.35s
        90        30    24.4      25 -2.593951e+00            --     Inf  5.35s
       100        46    22.7      21 -2.593951e+00            --     Inf  5.35s
       110        24    24.8      22 -2.593964e+00            --     Inf  5.49s
       120        40    25.3      18 -2.593964e+00            --     Inf  5.49s
       130        50    25.8      21 -2.593964e+00            --     Inf  5.49s
       140        36    27.9      17 -2.593964e+00            --     Inf  5.67s
       150        46    31.5      21 -2.593964e+00            --     Inf  5.67s
       160        62    31.5      18 -2.593964e+00            --     Inf  5.67s

     Nodes    Active  LPit/n  IntInf     BestBound  BestSolution     Gap   Time
       170        46    37.2      22 -2.593964e+00            --     Inf  5.81s
       180        62    40.7      17 -2.593964e+00            --     Inf  5.81s
       190        66    41.3      28 -2.593964e+00            --     Inf  5.81s
       200        36    42.4      79 -2.593964e+00            --     Inf  5.99s
       300        58    65.6      15 -2.593964e+00            --     Inf  6.35s
       400        73    70.9      59 -2.593964e+00            --     Inf  6.89s
       500       104    74.9      18 -2.593985e+00            --     Inf  7.59s
       600       173    73.3      17 -2.593985e+00            --     Inf  7.94s
       700       237    73.2      22 -2.593985e+00            --     Inf  8.14s
       800       296    72.0      40 -2.593985e+00            --     Inf  8.32s
       900       376    73.2      27 -2.593985e+00            --     Inf  8.59s
      1000       417    71.7       6 -2.593985e+00            --     Inf  8.99s
      1100       469    71.3      21 -2.593985e+00            --     Inf  9.59s
      1200       515    68.3      10 -2.593985e+00            --     Inf  9.68s
      1300       567    65.6       2 -2.593985e+00            --     Inf  9.79s

     Nodes    Active  LPit/n  IntInf     BestBound  BestSolution     Gap   Time
      1400       601    63.4      15 -2.593985e+00            --     Inf  9.87s
      1500       653    61.1      32 -2.593985e+00            --     Inf 10.06s
      1600       726    61.7      22 -2.593985e+00            --     Inf 10.37s
      1700       790    60.6      10 -2.593985e+00            --     Inf 10.53s
      1800       822    60.5      23 -2.593985e+00            --     Inf 10.87s
      1900       882    61.0       6 -2.593985e+00            --     Inf 11.23s
      2000       943    60.8      15 -2.593985e+00            --     Inf 11.59s
      3000       363    63.3      40 -2.600658e+00            --     Inf 17.44s
      4000       812    60.8      44 -2.600663e+00            --     Inf 19.93s
      5000      1169    57.6       8 -2.600663e+00            --     Inf 21.61s
      6000      1500    54.6       8 -2.600663e+00            --     Inf 23.49s
      6167         0    54.4      84 -1.000000e+30            --  0.000% 24.13s

Best solution   : -inf
Best bound      : -inf
Best gap        : 0.0000%
Solve time      : 24.13
Solve node      : 6167
MIP status      : solved
Solution status : infeasible
{
 "status": 2,
 "time": 24.150550842285156
}
